-- Automatically generated by SQLQueryTestSuite
-- Number of queries: 2


-- !query
select element_at(map(1, 'a', 2, 'b'), 5)
-- !query schema
struct<>
-- !query output
java.util.NoSuchElementException
Key 5 does not exist.


-- !query
select map(1, 'a', 2, 'b')[5]
-- !query schema
struct<>
-- !query output
java.util.NoSuchElementException
Key 5 does not exist.
