-- Automatically generated by SQLQueryTestSuite
-- Number of queries: 4


-- !query
select from_csv('1', 'create INT')
-- !query schema
struct<>
-- !query output
org.apache.spark.sql.AnalysisException
Cannot parse the data type: 
no viable alternative at input 'create'(line 1, pos 0)

== SQL ==
create INT
^^^

Failed fallback parsing: 
no viable alternative at input 'create'(line 1, pos 0)

== SQL ==
create INT
^^^
; line 1 pos 7


-- !query
select from_csv('1', 'cube INT')
-- !query schema
struct<from_csv(1):struct<cube:int>>
-- !query output
{"cube":1}


-- !query
select from_json('{"create":1}', 'create INT')
-- !query schema
struct<>
-- !query output
org.apache.spark.sql.AnalysisException
Cannot parse the data type: 
no viable alternative at input 'create'(line 1, pos 0)

== SQL ==
create INT
^^^

Failed fallback parsing: 
no viable alternative at input 'create'(line 1, pos 0)

== SQL ==
create INT
^^^
; line 1 pos 7


-- !query
select from_json('{"cube":1}', 'cube INT')
-- !query schema
struct<from_json({"cube":1}):struct<cube:int>>
-- !query output
{"cube":1}
