-- Automatically generated by SQLQueryTestSuite
-- Number of queries: 97


-- !query
CREATE TEMPORARY VIEW t AS SELECT 1
-- !query schema
struct<>
-- !query output



-- !query
SELECT true = cast(1 as tinyint) FROM t
-- !query schema
struct<(CAST(true AS TINYINT) = CAST(1 AS TINYINT)):boolean>
-- !query output
true


-- !query
SELECT true = cast(1 as smallint) FROM t
-- !query schema
struct<(CAST(true AS SMALLINT) = CAST(1 AS SMALLINT)):boolean>
-- !query output
true


-- !query
SELECT true = cast(1 as int) FROM t
-- !query schema
struct<(CAST(true AS INT) = CAST(1 AS INT)):boolean>
-- !query output
true


-- !query
SELECT true = cast(1 as bigint) FROM t
-- !query schema
struct<(CAST(true AS BIGINT) = CAST(1 AS BIGINT)):boolean>
-- !query output
true


-- !query
SELECT true = cast(1 as float) FROM t
-- !query schema
struct<(CAST(true AS FLOAT) = CAST(1 AS FLOAT)):boolean>
-- !query output
true


-- !query
SELECT true = cast(1 as double) FROM t
-- !query schema
struct<(CAST(true AS DOUBLE) = CAST(1 AS DOUBLE)):boolean>
-- !query output
true


-- !query
SELECT true = cast(1 as decimal(10, 0)) FROM t
-- !query schema
struct<(CAST(true AS DECIMAL(10,0)) = CAST(1 AS DECIMAL(10,0))):boolean>
-- !query output
true


-- !query
SELECT true = cast(1 as string) FROM t
-- !query schema
struct<(true = CAST(CAST(1 AS STRING) AS BOOLEAN)):boolean>
-- !query output
true


-- !query
SELECT true = cast('1' as binary) FROM t
-- !query schema
struct<>
-- !query output
org.apache.spark.sql.AnalysisException
cannot resolve '(true = CAST('1' AS BINARY))' due to data type mismatch: differing types in '(true = CAST('1' AS BINARY))' (boolean and binary).; line 1 pos 7


-- !query
SELECT true = cast(1 as boolean) FROM t
-- !query schema
struct<(true = CAST(1 AS BOOLEAN)):boolean>
-- !query output
true


-- !query
SELECT true = cast('2017-12-11 09:30:00.0' as timestamp) FROM t
-- !query schema
struct<>
-- !query output
org.apache.spark.sql.AnalysisException
cannot resolve '(true = CAST('2017-12-11 09:30:00.0' AS TIMESTAMP))' due to data type mismatch: differing types in '(true = CAST('2017-12-11 09:30:00.0' AS TIMESTAMP))' (boolean and timestamp).; line 1 pos 7


-- !query
SELECT true = cast('2017-12-11 09:30:00' as date) FROM t
-- !query schema
struct<>
-- !query output
org.apache.spark.sql.AnalysisException
cannot resolve '(true = CAST('2017-12-11 09:30:00' AS DATE))' due to data type mismatch: differing types in '(true = CAST('2017-12-11 09:30:00' AS DATE))' (boolean and date).; line 1 pos 7


-- !query
SELECT true <=> cast(1 as tinyint) FROM t
-- !query schema
struct<(CAST(true AS TINYINT) <=> CAST(1 AS TINYINT)):boolean>
-- !query output
true


-- !query
SELECT true <=> cast(1 as smallint) FROM t
-- !query schema
struct<(CAST(true AS SMALLINT) <=> CAST(1 AS SMALLINT)):boolean>
-- !query output
true


-- !query
SELECT true <=> cast(1 as int) FROM t
-- !query schema
struct<(CAST(true AS INT) <=> CAST(1 AS INT)):boolean>
-- !query output
true


-- !query
SELECT true <=> cast(1 as bigint) FROM t
-- !query schema
struct<(CAST(true AS BIGINT) <=> CAST(1 AS BIGINT)):boolean>
-- !query output
true


-- !query
SELECT true <=> cast(1 as float) FROM t
-- !query schema
struct<(CAST(true AS FLOAT) <=> CAST(1 AS FLOAT)):boolean>
-- !query output
true


-- !query
SELECT true <=> cast(1 as double) FROM t
-- !query schema
struct<(CAST(true AS DOUBLE) <=> CAST(1 AS DOUBLE)):boolean>
-- !query output
true


-- !query
SELECT true <=> cast(1 as decimal(10, 0)) FROM t
-- !query schema
struct<(CAST(true AS DECIMAL(10,0)) <=> CAST(1 AS DECIMAL(10,0))):boolean>
-- !query output
true


-- !query
SELECT true <=> cast(1 as string) FROM t
-- !query schema
struct<(true <=> CAST(CAST(1 AS STRING) AS BOOLEAN)):boolean>
-- !query output
true


-- !query
SELECT true <=> cast('1' as binary) FROM t
-- !query schema
struct<>
-- !query output
org.apache.spark.sql.AnalysisException
cannot resolve '(true <=> CAST('1' AS BINARY))' due to data type mismatch: differing types in '(true <=> CAST('1' AS BINARY))' (boolean and binary).; line 1 pos 7


-- !query
SELECT true <=> cast(1 as boolean) FROM t
-- !query schema
struct<(true <=> CAST(1 AS BOOLEAN)):boolean>
-- !query output
true


-- !query
SELECT true <=> cast('2017-12-11 09:30:00.0' as timestamp) FROM t
-- !query schema
struct<>
-- !query output
org.apache.spark.sql.AnalysisException
cannot resolve '(true <=> CAST('2017-12-11 09:30:00.0' AS TIMESTAMP))' due to data type mismatch: differing types in '(true <=> CAST('2017-12-11 09:30:00.0' AS TIMESTAMP))' (boolean and timestamp).; line 1 pos 7


-- !query
SELECT true <=> cast('2017-12-11 09:30:00' as date) FROM t
-- !query schema
struct<>
-- !query output
org.apache.spark.sql.AnalysisException
cannot resolve '(true <=> CAST('2017-12-11 09:30:00' AS DATE))' due to data type mismatch: differing types in '(true <=> CAST('2017-12-11 09:30:00' AS DATE))' (boolean and date).; line 1 pos 7


-- !query
SELECT cast(1 as tinyint) = true FROM t
-- !query schema
struct<(CAST(1 AS TINYINT) = CAST(true AS TINYINT)):boolean>
-- !query output
true


-- !query
SELECT cast(1 as smallint) = true FROM t
-- !query schema
struct<(CAST(1 AS SMALLINT) = CAST(true AS SMALLINT)):boolean>
-- !query output
true


-- !query
SELECT cast(1 as int) = true FROM t
-- !query schema
struct<(CAST(1 AS INT) = CAST(true AS INT)):boolean>
-- !query output
true


-- !query
SELECT cast(1 as bigint) = true FROM t
-- !query schema
struct<(CAST(1 AS BIGINT) = CAST(true AS BIGINT)):boolean>
-- !query output
true


-- !query
SELECT cast(1 as float) = true FROM t
-- !query schema
struct<(CAST(1 AS FLOAT) = CAST(true AS FLOAT)):boolean>
-- !query output
true


-- !query
SELECT cast(1 as double) = true FROM t
-- !query schema
struct<(CAST(1 AS DOUBLE) = CAST(true AS DOUBLE)):boolean>
-- !query output
true


-- !query
SELECT cast(1 as decimal(10, 0)) = true FROM t
-- !query schema
struct<(CAST(1 AS DECIMAL(10,0)) = CAST(true AS DECIMAL(10,0))):boolean>
-- !query output
true


-- !query
SELECT cast(1 as string) = true FROM t
-- !query schema
struct<(CAST(CAST(1 AS STRING) AS BOOLEAN) = true):boolean>
-- !query output
true


-- !query
SELECT cast('1' as binary) = true FROM t
-- !query schema
struct<>
-- !query output
org.apache.spark.sql.AnalysisException
cannot resolve '(CAST('1' AS BINARY) = true)' due to data type mismatch: differing types in '(CAST('1' AS BINARY) = true)' (binary and boolean).; line 1 pos 7


-- !query
SELECT cast(1 as boolean) = true FROM t
-- !query schema
struct<(CAST(1 AS BOOLEAN) = true):boolean>
-- !query output
true


-- !query
SELECT cast('2017-12-11 09:30:00.0' as timestamp) = true FROM t
-- !query schema
struct<>
-- !query output
org.apache.spark.sql.AnalysisException
cannot resolve '(CAST('2017-12-11 09:30:00.0' AS TIMESTAMP) = true)' due to data type mismatch: differing types in '(CAST('2017-12-11 09:30:00.0' AS TIMESTAMP) = true)' (timestamp and boolean).; line 1 pos 7


-- !query
SELECT cast('2017-12-11 09:30:00' as date) = true FROM t
-- !query schema
struct<>
-- !query output
org.apache.spark.sql.AnalysisException
cannot resolve '(CAST('2017-12-11 09:30:00' AS DATE) = true)' due to data type mismatch: differing types in '(CAST('2017-12-11 09:30:00' AS DATE) = true)' (date and boolean).; line 1 pos 7


-- !query
SELECT cast(1 as tinyint) <=> true FROM t
-- !query schema
struct<(CAST(1 AS TINYINT) <=> CAST(true AS TINYINT)):boolean>
-- !query output
true


-- !query
SELECT cast(1 as smallint) <=> true FROM t
-- !query schema
struct<(CAST(1 AS SMALLINT) <=> CAST(true AS SMALLINT)):boolean>
-- !query output
true


-- !query
SELECT cast(1 as int) <=> true FROM t
-- !query schema
struct<(CAST(1 AS INT) <=> CAST(true AS INT)):boolean>
-- !query output
true


-- !query
SELECT cast(1 as bigint) <=> true FROM t
-- !query schema
struct<(CAST(1 AS BIGINT) <=> CAST(true AS BIGINT)):boolean>
-- !query output
true


-- !query
SELECT cast(1 as float) <=> true FROM t
-- !query schema
struct<(CAST(1 AS FLOAT) <=> CAST(true AS FLOAT)):boolean>
-- !query output
true


-- !query
SELECT cast(1 as double) <=> true FROM t
-- !query schema
struct<(CAST(1 AS DOUBLE) <=> CAST(true AS DOUBLE)):boolean>
-- !query output
true


-- !query
SELECT cast(1 as decimal(10, 0)) <=> true FROM t
-- !query schema
struct<(CAST(1 AS DECIMAL(10,0)) <=> CAST(true AS DECIMAL(10,0))):boolean>
-- !query output
true


-- !query
SELECT cast(1 as string) <=> true FROM t
-- !query schema
struct<(CAST(CAST(1 AS STRING) AS BOOLEAN) <=> true):boolean>
-- !query output
true


-- !query
SELECT cast('1' as binary) <=> true FROM t
-- !query schema
struct<>
-- !query output
org.apache.spark.sql.AnalysisException
cannot resolve '(CAST('1' AS BINARY) <=> true)' due to data type mismatch: differing types in '(CAST('1' AS BINARY) <=> true)' (binary and boolean).; line 1 pos 7


-- !query
SELECT cast(1 as boolean) <=> true FROM t
-- !query schema
struct<(CAST(1 AS BOOLEAN) <=> true):boolean>
-- !query output
true


-- !query
SELECT cast('2017-12-11 09:30:00.0' as timestamp) <=> true FROM t
-- !query schema
struct<>
-- !query output
org.apache.spark.sql.AnalysisException
cannot resolve '(CAST('2017-12-11 09:30:00.0' AS TIMESTAMP) <=> true)' due to data type mismatch: differing types in '(CAST('2017-12-11 09:30:00.0' AS TIMESTAMP) <=> true)' (timestamp and boolean).; line 1 pos 7


-- !query
SELECT cast('2017-12-11 09:30:00' as date) <=> true FROM t
-- !query schema
struct<>
-- !query output
org.apache.spark.sql.AnalysisException
cannot resolve '(CAST('2017-12-11 09:30:00' AS DATE) <=> true)' due to data type mismatch: differing types in '(CAST('2017-12-11 09:30:00' AS DATE) <=> true)' (date and boolean).; line 1 pos 7


-- !query
SELECT false = cast(0 as tinyint) FROM t
-- !query schema
struct<(CAST(false AS TINYINT) = CAST(0 AS TINYINT)):boolean>
-- !query output
true


-- !query
SELECT false = cast(0 as smallint) FROM t
-- !query schema
struct<(CAST(false AS SMALLINT) = CAST(0 AS SMALLINT)):boolean>
-- !query output
true


-- !query
SELECT false = cast(0 as int) FROM t
-- !query schema
struct<(CAST(false AS INT) = CAST(0 AS INT)):boolean>
-- !query output
true


-- !query
SELECT false = cast(0 as bigint) FROM t
-- !query schema
struct<(CAST(false AS BIGINT) = CAST(0 AS BIGINT)):boolean>
-- !query output
true


-- !query
SELECT false = cast(0 as float) FROM t
-- !query schema
struct<(CAST(false AS FLOAT) = CAST(0 AS FLOAT)):boolean>
-- !query output
true


-- !query
SELECT false = cast(0 as double) FROM t
-- !query schema
struct<(CAST(false AS DOUBLE) = CAST(0 AS DOUBLE)):boolean>
-- !query output
true


-- !query
SELECT false = cast(0 as decimal(10, 0)) FROM t
-- !query schema
struct<(CAST(false AS DECIMAL(10,0)) = CAST(0 AS DECIMAL(10,0))):boolean>
-- !query output
true


-- !query
SELECT false = cast(0 as string) FROM t
-- !query schema
struct<(false = CAST(CAST(0 AS STRING) AS BOOLEAN)):boolean>
-- !query output
true


-- !query
SELECT false = cast('0' as binary) FROM t
-- !query schema
struct<>
-- !query output
org.apache.spark.sql.AnalysisException
cannot resolve '(false = CAST('0' AS BINARY))' due to data type mismatch: differing types in '(false = CAST('0' AS BINARY))' (boolean and binary).; line 1 pos 7


-- !query
SELECT false = cast(0 as boolean) FROM t
-- !query schema
struct<(false = CAST(0 AS BOOLEAN)):boolean>
-- !query output
true


-- !query
SELECT false = cast('2017-12-11 09:30:00.0' as timestamp) FROM t
-- !query schema
struct<>
-- !query output
org.apache.spark.sql.AnalysisException
cannot resolve '(false = CAST('2017-12-11 09:30:00.0' AS TIMESTAMP))' due to data type mismatch: differing types in '(false = CAST('2017-12-11 09:30:00.0' AS TIMESTAMP))' (boolean and timestamp).; line 1 pos 7


-- !query
SELECT false = cast('2017-12-11 09:30:00' as date) FROM t
-- !query schema
struct<>
-- !query output
org.apache.spark.sql.AnalysisException
cannot resolve '(false = CAST('2017-12-11 09:30:00' AS DATE))' due to data type mismatch: differing types in '(false = CAST('2017-12-11 09:30:00' AS DATE))' (boolean and date).; line 1 pos 7


-- !query
SELECT false <=> cast(0 as tinyint) FROM t
-- !query schema
struct<(CAST(false AS TINYINT) <=> CAST(0 AS TINYINT)):boolean>
-- !query output
true


-- !query
SELECT false <=> cast(0 as smallint) FROM t
-- !query schema
struct<(CAST(false AS SMALLINT) <=> CAST(0 AS SMALLINT)):boolean>
-- !query output
true


-- !query
SELECT false <=> cast(0 as int) FROM t
-- !query schema
struct<(CAST(false AS INT) <=> CAST(0 AS INT)):boolean>
-- !query output
true


-- !query
SELECT false <=> cast(0 as bigint) FROM t
-- !query schema
struct<(CAST(false AS BIGINT) <=> CAST(0 AS BIGINT)):boolean>
-- !query output
true


-- !query
SELECT false <=> cast(0 as float) FROM t
-- !query schema
struct<(CAST(false AS FLOAT) <=> CAST(0 AS FLOAT)):boolean>
-- !query output
true


-- !query
SELECT false <=> cast(0 as double) FROM t
-- !query schema
struct<(CAST(false AS DOUBLE) <=> CAST(0 AS DOUBLE)):boolean>
-- !query output
true


-- !query
SELECT false <=> cast(0 as decimal(10, 0)) FROM t
-- !query schema
struct<(CAST(false AS DECIMAL(10,0)) <=> CAST(0 AS DECIMAL(10,0))):boolean>
-- !query output
true


-- !query
SELECT false <=> cast(0 as string) FROM t
-- !query schema
struct<(false <=> CAST(CAST(0 AS STRING) AS BOOLEAN)):boolean>
-- !query output
true


-- !query
SELECT false <=> cast('0' as binary) FROM t
-- !query schema
struct<>
-- !query output
org.apache.spark.sql.AnalysisException
cannot resolve '(false <=> CAST('0' AS BINARY))' due to data type mismatch: differing types in '(false <=> CAST('0' AS BINARY))' (boolean and binary).; line 1 pos 7


-- !query
SELECT false <=> cast(0 as boolean) FROM t
-- !query schema
struct<(false <=> CAST(0 AS BOOLEAN)):boolean>
-- !query output
true


-- !query
SELECT false <=> cast('2017-12-11 09:30:00.0' as timestamp) FROM t
-- !query schema
struct<>
-- !query output
org.apache.spark.sql.AnalysisException
cannot resolve '(false <=> CAST('2017-12-11 09:30:00.0' AS TIMESTAMP))' due to data type mismatch: differing types in '(false <=> CAST('2017-12-11 09:30:00.0' AS TIMESTAMP))' (boolean and timestamp).; line 1 pos 7


-- !query
SELECT false <=> cast('2017-12-11 09:30:00' as date) FROM t
-- !query schema
struct<>
-- !query output
org.apache.spark.sql.AnalysisException
cannot resolve '(false <=> CAST('2017-12-11 09:30:00' AS DATE))' due to data type mismatch: differing types in '(false <=> CAST('2017-12-11 09:30:00' AS DATE))' (boolean and date).; line 1 pos 7


-- !query
SELECT cast(0 as tinyint) = false FROM t
-- !query schema
struct<(CAST(0 AS TINYINT) = CAST(false AS TINYINT)):boolean>
-- !query output
true


-- !query
SELECT cast(0 as smallint) = false FROM t
-- !query schema
struct<(CAST(0 AS SMALLINT) = CAST(false AS SMALLINT)):boolean>
-- !query output
true


-- !query
SELECT cast(0 as int) = false FROM t
-- !query schema
struct<(CAST(0 AS INT) = CAST(false AS INT)):boolean>
-- !query output
true


-- !query
SELECT cast(0 as bigint) = false FROM t
-- !query schema
struct<(CAST(0 AS BIGINT) = CAST(false AS BIGINT)):boolean>
-- !query output
true


-- !query
SELECT cast(0 as float) = false FROM t
-- !query schema
struct<(CAST(0 AS FLOAT) = CAST(false AS FLOAT)):boolean>
-- !query output
true


-- !query
SELECT cast(0 as double) = false FROM t
-- !query schema
struct<(CAST(0 AS DOUBLE) = CAST(false AS DOUBLE)):boolean>
-- !query output
true


-- !query
SELECT cast(0 as decimal(10, 0)) = false FROM t
-- !query schema
struct<(CAST(0 AS DECIMAL(10,0)) = CAST(false AS DECIMAL(10,0))):boolean>
-- !query output
true


-- !query
SELECT cast(0 as string) = false FROM t
-- !query schema
struct<(CAST(CAST(0 AS STRING) AS BOOLEAN) = false):boolean>
-- !query output
true


-- !query
SELECT cast('0' as binary) = false FROM t
-- !query schema
struct<>
-- !query output
org.apache.spark.sql.AnalysisException
cannot resolve '(CAST('0' AS BINARY) = false)' due to data type mismatch: differing types in '(CAST('0' AS BINARY) = false)' (binary and boolean).; line 1 pos 7


-- !query
SELECT cast(0 as boolean) = false FROM t
-- !query schema
struct<(CAST(0 AS BOOLEAN) = false):boolean>
-- !query output
true


-- !query
SELECT cast('2017-12-11 09:30:00.0' as timestamp) = false FROM t
-- !query schema
struct<>
-- !query output
org.apache.spark.sql.AnalysisException
cannot resolve '(CAST('2017-12-11 09:30:00.0' AS TIMESTAMP) = false)' due to data type mismatch: differing types in '(CAST('2017-12-11 09:30:00.0' AS TIMESTAMP) = false)' (timestamp and boolean).; line 1 pos 7


-- !query
SELECT cast('2017-12-11 09:30:00' as date) = false FROM t
-- !query schema
struct<>
-- !query output
org.apache.spark.sql.AnalysisException
cannot resolve '(CAST('2017-12-11 09:30:00' AS DATE) = false)' due to data type mismatch: differing types in '(CAST('2017-12-11 09:30:00' AS DATE) = false)' (date and boolean).; line 1 pos 7


-- !query
SELECT cast(0 as tinyint) <=> false FROM t
-- !query schema
struct<(CAST(0 AS TINYINT) <=> CAST(false AS TINYINT)):boolean>
-- !query output
true


-- !query
SELECT cast(0 as smallint) <=> false FROM t
-- !query schema
struct<(CAST(0 AS SMALLINT) <=> CAST(false AS SMALLINT)):boolean>
-- !query output
true


-- !query
SELECT cast(0 as int) <=> false FROM t
-- !query schema
struct<(CAST(0 AS INT) <=> CAST(false AS INT)):boolean>
-- !query output
true


-- !query
SELECT cast(0 as bigint) <=> false FROM t
-- !query schema
struct<(CAST(0 AS BIGINT) <=> CAST(false AS BIGINT)):boolean>
-- !query output
true


-- !query
SELECT cast(0 as float) <=> false FROM t
-- !query schema
struct<(CAST(0 AS FLOAT) <=> CAST(false AS FLOAT)):boolean>
-- !query output
true


-- !query
SELECT cast(0 as double) <=> false FROM t
-- !query schema
struct<(CAST(0 AS DOUBLE) <=> CAST(false AS DOUBLE)):boolean>
-- !query output
true


-- !query
SELECT cast(0 as decimal(10, 0)) <=> false FROM t
-- !query schema
struct<(CAST(0 AS DECIMAL(10,0)) <=> CAST(false AS DECIMAL(10,0))):boolean>
-- !query output
true


-- !query
SELECT cast(0 as string) <=> false FROM t
-- !query schema
struct<(CAST(CAST(0 AS STRING) AS BOOLEAN) <=> false):boolean>
-- !query output
true


-- !query
SELECT cast('0' as binary) <=> false FROM t
-- !query schema
struct<>
-- !query output
org.apache.spark.sql.AnalysisException
cannot resolve '(CAST('0' AS BINARY) <=> false)' due to data type mismatch: differing types in '(CAST('0' AS BINARY) <=> false)' (binary and boolean).; line 1 pos 7


-- !query
SELECT cast(0 as boolean) <=> false FROM t
-- !query schema
struct<(CAST(0 AS BOOLEAN) <=> false):boolean>
-- !query output
true


-- !query
SELECT cast('2017-12-11 09:30:00.0' as timestamp) <=> false FROM t
-- !query schema
struct<>
-- !query output
org.apache.spark.sql.AnalysisException
cannot resolve '(CAST('2017-12-11 09:30:00.0' AS TIMESTAMP) <=> false)' due to data type mismatch: differing types in '(CAST('2017-12-11 09:30:00.0' AS TIMESTAMP) <=> false)' (timestamp and boolean).; line 1 pos 7


-- !query
SELECT cast('2017-12-11 09:30:00' as date) <=> false FROM t
-- !query schema
struct<>
-- !query output
org.apache.spark.sql.AnalysisException
cannot resolve '(CAST('2017-12-11 09:30:00' AS DATE) <=> false)' due to data type mismatch: differing types in '(CAST('2017-12-11 09:30:00' AS DATE) <=> false)' (date and boolean).; line 1 pos 7
