-- Automatically generated by SQLQueryTestSuite
-- Number of queries: 25


-- !query
CREATE TEMPORARY VIEW t AS SELECT 1
-- !query schema
struct<>
-- !query output



-- !query
SELECT COUNT(*) OVER (PARTITION BY 1 ORDER BY cast(1 as tinyint)) FROM t
-- !query schema
struct<count(1) OVER (PARTITION BY 1 ORDER BY CAST(1 AS TINYINT) ASC NULLS FIRST RANGE BETWEEN UNBOUNDED PRECEDING AND CURRENT ROW):bigint>
-- !query output
1


-- !query
SELECT COUNT(*) OVER (PARTITION BY 1 ORDER BY cast(1 as smallint)) FROM t
-- !query schema
struct<count(1) OVER (PARTITION BY 1 ORDER BY CAST(1 AS SMALLINT) ASC NULLS FIRST RANGE BETWEEN UNBOUNDED PRECEDING AND CURRENT ROW):bigint>
-- !query output
1


-- !query
SELECT COUNT(*) OVER (PARTITION BY 1 ORDER BY cast(1 as int)) FROM t
-- !query schema
struct<count(1) OVER (PARTITION BY 1 ORDER BY CAST(1 AS INT) ASC NULLS FIRST RANGE BETWEEN UNBOUNDED PRECEDING AND CURRENT ROW):bigint>
-- !query output
1


-- !query
SELECT COUNT(*) OVER (PARTITION BY 1 ORDER BY cast(1 as bigint)) FROM t
-- !query schema
struct<count(1) OVER (PARTITION BY 1 ORDER BY CAST(1 AS BIGINT) ASC NULLS FIRST RANGE BETWEEN UNBOUNDED PRECEDING AND CURRENT ROW):bigint>
-- !query output
1


-- !query
SELECT COUNT(*) OVER (PARTITION BY 1 ORDER BY cast(1 as float)) FROM t
-- !query schema
struct<count(1) OVER (PARTITION BY 1 ORDER BY CAST(1 AS FLOAT) ASC NULLS FIRST RANGE BETWEEN UNBOUNDED PRECEDING AND CURRENT ROW):bigint>
-- !query output
1


-- !query
SELECT COUNT(*) OVER (PARTITION BY 1 ORDER BY cast(1 as double)) FROM t
-- !query schema
struct<count(1) OVER (PARTITION BY 1 ORDER BY CAST(1 AS DOUBLE) ASC NULLS FIRST RANGE BETWEEN UNBOUNDED PRECEDING AND CURRENT ROW):bigint>
-- !query output
1


-- !query
SELECT COUNT(*) OVER (PARTITION BY 1 ORDER BY cast(1 as decimal(10, 0))) FROM t
-- !query schema
struct<count(1) OVER (PARTITION BY 1 ORDER BY CAST(1 AS DECIMAL(10,0)) ASC NULLS FIRST RANGE BETWEEN UNBOUNDED PRECEDING AND CURRENT ROW):bigint>
-- !query output
1


-- !query
SELECT COUNT(*) OVER (PARTITION BY 1 ORDER BY cast(1 as string)) FROM t
-- !query schema
struct<count(1) OVER (PARTITION BY 1 ORDER BY CAST(1 AS STRING) ASC NULLS FIRST RANGE BETWEEN UNBOUNDED PRECEDING AND CURRENT ROW):bigint>
-- !query output
1


-- !query
SELECT COUNT(*) OVER (PARTITION BY 1 ORDER BY cast('1' as binary)) FROM t
-- !query schema
struct<count(1) OVER (PARTITION BY 1 ORDER BY CAST(1 AS BINARY) ASC NULLS FIRST RANGE BETWEEN UNBOUNDED PRECEDING AND CURRENT ROW):bigint>
-- !query output
1


-- !query
SELECT COUNT(*) OVER (PARTITION BY 1 ORDER BY cast(1 as boolean)) FROM t
-- !query schema
struct<count(1) OVER (PARTITION BY 1 ORDER BY CAST(1 AS BOOLEAN) ASC NULLS FIRST RANGE BETWEEN UNBOUNDED PRECEDING AND CURRENT ROW):bigint>
-- !query output
1


-- !query
SELECT COUNT(*) OVER (PARTITION BY 1 ORDER BY cast('2017-12-11 09:30:00.0' as timestamp)) FROM t
-- !query schema
struct<count(1) OVER (PARTITION BY 1 ORDER BY CAST(2017-12-11 09:30:00.0 AS TIMESTAMP) ASC NULLS FIRST RANGE BETWEEN UNBOUNDED PRECEDING AND CURRENT ROW):bigint>
-- !query output
1


-- !query
SELECT COUNT(*) OVER (PARTITION BY 1 ORDER BY cast('2017-12-11 09:30:00' as date)) FROM t
-- !query schema
struct<count(1) OVER (PARTITION BY 1 ORDER BY CAST(2017-12-11 09:30:00 AS DATE) ASC NULLS FIRST RANGE BETWEEN UNBOUNDED PRECEDING AND CURRENT ROW):bigint>
-- !query output
1


-- !query
SELECT COUNT(*) OVER (PARTITION BY 1 ORDER BY cast(1 as tinyint) DESC RANGE BETWEEN CURRENT ROW AND 1 FOLLOWING) FROM t
-- !query schema
struct<count(1) OVER (PARTITION BY 1 ORDER BY CAST(1 AS TINYINT) DESC NULLS LAST RANGE BETWEEN CURRENT ROW AND CAST(1 AS TINYINT) FOLLOWING):bigint>
-- !query output
1


-- !query
SELECT COUNT(*) OVER (PARTITION BY 1 ORDER BY cast(1 as smallint) DESC RANGE BETWEEN CURRENT ROW AND 1 FOLLOWING) FROM t
-- !query schema
struct<count(1) OVER (PARTITION BY 1 ORDER BY CAST(1 AS SMALLINT) DESC NULLS LAST RANGE BETWEEN CURRENT ROW AND CAST(1 AS SMALLINT) FOLLOWING):bigint>
-- !query output
1


-- !query
SELECT COUNT(*) OVER (PARTITION BY 1 ORDER BY cast(1 as int) DESC RANGE BETWEEN CURRENT ROW AND 1 FOLLOWING) FROM t
-- !query schema
struct<count(1) OVER (PARTITION BY 1 ORDER BY CAST(1 AS INT) DESC NULLS LAST RANGE BETWEEN CURRENT ROW AND 1 FOLLOWING):bigint>
-- !query output
1


-- !query
SELECT COUNT(*) OVER (PARTITION BY 1 ORDER BY cast(1 as bigint) DESC RANGE BETWEEN CURRENT ROW AND 1 FOLLOWING) FROM t
-- !query schema
struct<count(1) OVER (PARTITION BY 1 ORDER BY CAST(1 AS BIGINT) DESC NULLS LAST RANGE BETWEEN CURRENT ROW AND CAST(1 AS BIGINT) FOLLOWING):bigint>
-- !query output
1


-- !query
SELECT COUNT(*) OVER (PARTITION BY 1 ORDER BY cast(1 as float) DESC RANGE BETWEEN CURRENT ROW AND 1 FOLLOWING) FROM t
-- !query schema
struct<count(1) OVER (PARTITION BY 1 ORDER BY CAST(1 AS FLOAT) DESC NULLS LAST RANGE BETWEEN CURRENT ROW AND CAST(1 AS FLOAT) FOLLOWING):bigint>
-- !query output
1


-- !query
SELECT COUNT(*) OVER (PARTITION BY 1 ORDER BY cast(1 as double) DESC RANGE BETWEEN CURRENT ROW AND 1 FOLLOWING) FROM t
-- !query schema
struct<count(1) OVER (PARTITION BY 1 ORDER BY CAST(1 AS DOUBLE) DESC NULLS LAST RANGE BETWEEN CURRENT ROW AND CAST(1 AS DOUBLE) FOLLOWING):bigint>
-- !query output
1


-- !query
SELECT COUNT(*) OVER (PARTITION BY 1 ORDER BY cast(1 as decimal(10, 0)) DESC RANGE BETWEEN CURRENT ROW AND 1 FOLLOWING) FROM t
-- !query schema
struct<count(1) OVER (PARTITION BY 1 ORDER BY CAST(1 AS DECIMAL(10,0)) DESC NULLS LAST RANGE BETWEEN CURRENT ROW AND CAST(1 AS DECIMAL(10,0)) FOLLOWING):bigint>
-- !query output
1


-- !query
SELECT COUNT(*) OVER (PARTITION BY 1 ORDER BY cast(1 as string) DESC RANGE BETWEEN CURRENT ROW AND 1 FOLLOWING) FROM t
-- !query schema
struct<>
-- !query output
org.apache.spark.sql.AnalysisException
cannot resolve 'RANGE BETWEEN CURRENT ROW AND CAST(1 AS STRING) FOLLOWING' due to data type mismatch: The data type of the upper bound 'string' does not match the expected data type '(numeric or interval)'.; line 1 pos 21


-- !query
SELECT COUNT(*) OVER (PARTITION BY 1 ORDER BY cast('1' as binary) DESC RANGE BETWEEN CURRENT ROW AND 1 FOLLOWING) FROM t
-- !query schema
struct<>
-- !query output
org.apache.spark.sql.AnalysisException
cannot resolve 'RANGE BETWEEN CURRENT ROW AND CAST(1 AS BINARY) FOLLOWING' due to data type mismatch: The data type of the upper bound 'binary' does not match the expected data type '(numeric or interval)'.; line 1 pos 21


-- !query
SELECT COUNT(*) OVER (PARTITION BY 1 ORDER BY cast(1 as boolean) DESC RANGE BETWEEN CURRENT ROW AND 1 FOLLOWING) FROM t
-- !query schema
struct<>
-- !query output
org.apache.spark.sql.AnalysisException
cannot resolve 'RANGE BETWEEN CURRENT ROW AND CAST(1 AS BOOLEAN) FOLLOWING' due to data type mismatch: The data type of the upper bound 'boolean' does not match the expected data type '(numeric or interval)'.; line 1 pos 21


-- !query
SELECT COUNT(*) OVER (PARTITION BY 1 ORDER BY cast('2017-12-11 09:30:00.0' as timestamp) DESC RANGE BETWEEN CURRENT ROW AND 1 FOLLOWING) FROM t
-- !query schema
struct<>
-- !query output
org.apache.spark.sql.AnalysisException
cannot resolve '(PARTITION BY 1 ORDER BY CAST('2017-12-11 09:30:00.0' AS TIMESTAMP) DESC NULLS LAST RANGE BETWEEN CURRENT ROW AND 1 FOLLOWING)' due to data type mismatch: The data type 'timestamp' used in the order specification does not match the data type 'int' which is used in the range frame.; line 1 pos 21


-- !query
SELECT COUNT(*) OVER (PARTITION BY 1 ORDER BY cast('2017-12-11 09:30:00' as date) DESC RANGE BETWEEN CURRENT ROW AND 1 FOLLOWING) FROM t
-- !query schema
struct<count(1) OVER (PARTITION BY 1 ORDER BY CAST(2017-12-11 09:30:00 AS DATE) DESC NULLS LAST RANGE BETWEEN CURRENT ROW AND 1 FOLLOWING):bigint>
-- !query output
1
