-- Automatically generated by SQLQueryTestSuite
-- Number of queries: 38


-- !query
CREATE TABLE test_missing_target (a int, b int, c string, d string) using parquet
-- !query schema
struct<>
-- !query output



-- !query
INSERT INTO test_missing_target VALUES (0, 1, 'XXXX', 'A')
-- !query schema
struct<>
-- !query output



-- !query
INSERT INTO test_missing_target VALUES (1, 2, 'ABAB', 'b')
-- !query schema
struct<>
-- !query output



-- !query
INSERT INTO test_missing_target VALUES (2, 2, 'ABAB', 'c')
-- !query schema
struct<>
-- !query output



-- !query
INSERT INTO test_missing_target VALUES (3, 3, 'BBBB', 'D')
-- !query schema
struct<>
-- !query output



-- !query
INSERT INTO test_missing_target VALUES (4, 3, 'BBBB', 'e')
-- !query schema
struct<>
-- !query output



-- !query
INSERT INTO test_missing_target VALUES (5, 3, 'bbbb', 'F')
-- !query schema
struct<>
-- !query output



-- !query
INSERT INTO test_missing_target VALUES (6, 4, 'cccc', 'g')
-- !query schema
struct<>
-- !query output



-- !query
INSERT INTO test_missing_target VALUES (7, 4, 'cccc', 'h')
-- !query schema
struct<>
-- !query output



-- !query
INSERT INTO test_missing_target VALUES (8, 4, 'CCCC', 'I')
-- !query schema
struct<>
-- !query output



-- !query
INSERT INTO test_missing_target VALUES (9, 4, 'CCCC', 'j')
-- !query schema
struct<>
-- !query output



-- !query
SELECT udf(c), udf(count(*)) FROM test_missing_target GROUP BY
udf(test_missing_target.c)
ORDER BY udf(c)
-- !query schema
struct<CAST(udf(ansi_cast(c as string)) AS STRING):string,CAST(udf(ansi_cast(count(1) as string)) AS BIGINT):bigint>
-- !query output
ABAB	2
BBBB	2
CCCC	2
XXXX	1
bbbb	1
cccc	2


-- !query
SELECT udf(count(*)) FROM test_missing_target GROUP BY udf(test_missing_target.c)
ORDER BY udf(c)
-- !query schema
struct<CAST(udf(ansi_cast(count(1) as string)) AS BIGINT):bigint>
-- !query output
2
2
2
1
1
2


-- !query
SELECT udf(count(*)) FROM test_missing_target GROUP BY udf(a) ORDER BY udf(b)
-- !query schema
struct<>
-- !query output
org.apache.spark.sql.AnalysisException
cannot resolve '`b`' given input columns: [CAST(udf(ansi_cast(count(1) as string)) AS BIGINT)]; line 1 pos 75


-- !query
SELECT udf(count(*)) FROM test_missing_target GROUP BY udf(b) ORDER BY udf(b)
-- !query schema
struct<CAST(udf(ansi_cast(count(1) as string)) AS BIGINT):bigint>
-- !query output
1
2
3
4


-- !query
SELECT udf(test_missing_target.b), udf(count(*))
  FROM test_missing_target GROUP BY udf(b) ORDER BY udf(b)
-- !query schema
struct<CAST(udf(ansi_cast(b as string)) AS INT):int,CAST(udf(ansi_cast(count(1) as string)) AS BIGINT):bigint>
-- !query output
1	1
2	2
3	3
4	4


-- !query
SELECT udf(c) FROM test_missing_target ORDER BY udf(a)
-- !query schema
struct<CAST(udf(ansi_cast(c as string)) AS STRING):string>
-- !query output
XXXX
ABAB
ABAB
BBBB
BBBB
bbbb
cccc
cccc
CCCC
CCCC


-- !query
SELECT udf(count(*)) FROM test_missing_target GROUP BY udf(b) ORDER BY udf(b) desc
-- !query schema
struct<CAST(udf(ansi_cast(count(1) as string)) AS BIGINT):bigint>
-- !query output
4
3
2
1


-- !query
SELECT udf(count(*)) FROM test_missing_target ORDER BY udf(1) desc
-- !query schema
struct<CAST(udf(ansi_cast(count(1) as string)) AS BIGINT):bigint>
-- !query output
10


-- !query
SELECT udf(c), udf(count(*)) FROM test_missing_target GROUP BY 1 ORDER BY 1
-- !query schema
struct<CAST(udf(ansi_cast(c as string)) AS STRING):string,CAST(udf(ansi_cast(count(1) as string)) AS BIGINT):bigint>
-- !query output
ABAB	2
BBBB	2
CCCC	2
XXXX	1
bbbb	1
cccc	2


-- !query
SELECT udf(c), udf(count(*)) FROM test_missing_target GROUP BY 3
-- !query schema
struct<>
-- !query output
org.apache.spark.sql.AnalysisException
GROUP BY position 3 is not in select list (valid range is [1, 2]); line 1 pos 63


-- !query
SELECT udf(count(*)) FROM test_missing_target x, test_missing_target y
	WHERE udf(x.a) = udf(y.a)
	GROUP BY udf(b) ORDER BY udf(b)
-- !query schema
struct<>
-- !query output
org.apache.spark.sql.AnalysisException
Reference 'b' is ambiguous, could be: x.b, y.b.; line 3 pos 14


-- !query
SELECT udf(a), udf(a) FROM test_missing_target
	ORDER BY udf(a)
-- !query schema
struct<CAST(udf(ansi_cast(a as string)) AS INT):int,CAST(udf(ansi_cast(a as string)) AS INT):int>
-- !query output
0	0
1	1
2	2
3	3
4	4
5	5
6	6
7	7
8	8
9	9


-- !query
SELECT udf(udf(a)/2), udf(udf(a)/2) FROM test_missing_target
	ORDER BY udf(udf(a)/2)
-- !query schema
struct<CAST(udf(ansi_cast((ansi_cast(ansi_cast(udf(ansi_cast(a as string)) as int) as double) / ansi_cast(2 as double)) as string)) AS DOUBLE):double,CAST(udf(ansi_cast((ansi_cast(ansi_cast(udf(ansi_cast(a as string)) as int) as double) / ansi_cast(2 as double)) as string)) AS DOUBLE):double>
-- !query output
0.0	0.0
0.5	0.5
1.0	1.0
1.5	1.5
2.0	2.0
2.5	2.5
3.0	3.0
3.5	3.5
4.0	4.0
4.5	4.5


-- !query
SELECT udf(a/2), udf(a/2) FROM test_missing_target
	GROUP BY udf(a/2) ORDER BY udf(a/2)
-- !query schema
struct<CAST(udf(ansi_cast((ansi_cast(a as double) / ansi_cast(2 as double)) as string)) AS DOUBLE):double,CAST(udf(ansi_cast((ansi_cast(a as double) / ansi_cast(2 as double)) as string)) AS DOUBLE):double>
-- !query output
0.0	0.0
0.5	0.5
1.0	1.0
1.5	1.5
2.0	2.0
2.5	2.5
3.0	3.0
3.5	3.5
4.0	4.0
4.5	4.5


-- !query
SELECT udf(x.b), udf(count(*)) FROM test_missing_target x, test_missing_target y
	WHERE udf(x.a) = udf(y.a)
	GROUP BY udf(x.b) ORDER BY udf(x.b)
-- !query schema
struct<CAST(udf(ansi_cast(b as string)) AS INT):int,CAST(udf(ansi_cast(count(1) as string)) AS BIGINT):bigint>
-- !query output
1	1
2	2
3	3
4	4


-- !query
SELECT udf(count(*)) FROM test_missing_target x, test_missing_target y
	WHERE udf(x.a) = udf(y.a)
	GROUP BY udf(x.b) ORDER BY udf(x.b)
-- !query schema
struct<CAST(udf(ansi_cast(count(1) as string)) AS BIGINT):bigint>
-- !query output
1
2
3
4


-- !query
SELECT udf(a%2), udf(count(udf(b))) FROM test_missing_target
GROUP BY udf(test_missing_target.a%2)
ORDER BY udf(test_missing_target.a%2)
-- !query schema
struct<CAST(udf(ansi_cast((a % 2) as string)) AS INT):int,CAST(udf(ansi_cast(count(ansi_cast(udf(ansi_cast(b as string)) as int)) as string)) AS BIGINT):bigint>
-- !query output
0	5
1	5


-- !query
SELECT udf(count(c)) FROM test_missing_target
GROUP BY udf(lower(test_missing_target.c))
ORDER BY udf(lower(test_missing_target.c))
-- !query schema
struct<CAST(udf(ansi_cast(count(c) as string)) AS BIGINT):bigint>
-- !query output
2
3
4
1


-- !query
SELECT udf(count(udf(a))) FROM test_missing_target GROUP BY udf(a) ORDER BY udf(b)
-- !query schema
struct<>
-- !query output
org.apache.spark.sql.AnalysisException
cannot resolve '`b`' given input columns: [CAST(udf(ansi_cast(count(ansi_cast(udf(ansi_cast(a as string)) as int)) as string)) AS BIGINT)]; line 1 pos 80


-- !query
SELECT udf(count(b)) FROM test_missing_target GROUP BY udf(b/2) ORDER BY udf(b/2)
-- !query schema
struct<CAST(udf(ansi_cast(count(b) as string)) AS BIGINT):bigint>
-- !query output
1
2
3
4


-- !query
SELECT udf(lower(test_missing_target.c)), udf(count(udf(c)))
  FROM test_missing_target GROUP BY udf(lower(c)) ORDER BY udf(lower(c))
-- !query schema
struct<CAST(udf(ansi_cast(lower(c) as string)) AS STRING):string,CAST(udf(ansi_cast(count(ansi_cast(udf(ansi_cast(c as string)) as string)) as string)) AS BIGINT):bigint>
-- !query output
abab	2
bbbb	3
cccc	4
xxxx	1


-- !query
SELECT udf(a) FROM test_missing_target ORDER BY udf(upper(udf(d)))
-- !query schema
struct<CAST(udf(ansi_cast(a as string)) AS INT):int>
-- !query output
0
1
2
3
4
5
6
7
8
9


-- !query
SELECT udf(count(b)) FROM test_missing_target
	GROUP BY udf((b + 1) / 2) ORDER BY udf((b + 1) / 2) desc
-- !query schema
struct<CAST(udf(ansi_cast(count(b) as string)) AS BIGINT):bigint>
-- !query output
4
3
2
1


-- !query
SELECT udf(count(udf(x.a))) FROM test_missing_target x, test_missing_target y
	WHERE udf(x.a) = udf(y.a)
	GROUP BY udf(b/2) ORDER BY udf(b/2)
-- !query schema
struct<>
-- !query output
org.apache.spark.sql.AnalysisException
Reference 'b' is ambiguous, could be: x.b, y.b.; line 3 pos 14


-- !query
SELECT udf(x.b/2), udf(count(udf(x.b))) FROM test_missing_target x,
test_missing_target y
	WHERE udf(x.a) = udf(y.a)
	GROUP BY udf(x.b/2) ORDER BY udf(x.b/2)
-- !query schema
struct<CAST(udf(ansi_cast((ansi_cast(b as double) / ansi_cast(2 as double)) as string)) AS DOUBLE):double,CAST(udf(ansi_cast(count(ansi_cast(udf(ansi_cast(b as string)) as int)) as string)) AS BIGINT):bigint>
-- !query output
0.5	1
1.0	2
1.5	3
2.0	4


-- !query
SELECT udf(count(udf(b))) FROM test_missing_target x, test_missing_target y
	WHERE udf(x.a) = udf(y.a)
	GROUP BY udf(x.b/2)
-- !query schema
struct<>
-- !query output
org.apache.spark.sql.AnalysisException
Reference 'b' is ambiguous, could be: x.b, y.b.; line 1 pos 21


-- !query
DROP TABLE test_missing_target
-- !query schema
struct<>
-- !query output

