-- Automatically generated by SQLQueryTestSuite
-- Number of queries: 5


-- !query
create temporary view hav as select * from values
  ("one", 1),
  ("two", 2),
  ("three", 3),
  ("one", 5)
  as hav(k, v)
-- !query schema
struct<>
-- !query output



-- !query
SELECT udf(k) AS k, udf(sum(v)) FROM hav GROUP BY k HAVING udf(sum(v)) > 2
-- !query schema
struct<k:string,CAST(udf(cast(sum(cast(v as bigint)) as string)) AS BIGINT):bigint>
-- !query output
one	6
three	3


-- !query
SELECT udf(count(udf(k))) FROM hav GROUP BY v + 1 HAVING v + 1 = udf(2)
-- !query schema
struct<CAST(udf(cast(count(cast(udf(cast(k as string)) as string)) as string)) AS BIGINT):bigint>
-- !query output
1


-- !query
SELECT udf(MIN(t.v)) FROM (SELECT * FROM hav WHERE v > 0) t HAVING(udf(COUNT(udf(1))) > 0)
-- !query schema
struct<CAST(udf(cast(min(v) as string)) AS INT):int>
-- !query output
1


-- !query
SELECT udf(a + b) FROM VALUES (1L, 2), (3L, 4) AS T(a, b) GROUP BY a + b HAVING a + b > udf(1)
-- !query schema
struct<CAST(udf(cast((a + cast(b as bigint)) as string)) AS BIGINT):bigint>
-- !query output
3
7
