-- Automatically generated by SQLQueryTestSuite
-- Number of queries: 24


-- !query
CREATE TEMPORARY VIEW t1 AS SELECT * FROM VALUES (1) AS GROUPING(a)
-- !query schema
struct<>
-- !query output



-- !query
CREATE TEMPORARY VIEW t2 AS SELECT * FROM VALUES (1) AS GROUPING(a)
-- !query schema
struct<>
-- !query output



-- !query
CREATE TEMPORARY VIEW empty_table as SELECT a FROM t2 WHERE false
-- !query schema
struct<>
-- !query output



-- !query
SELECT udf(t1.a), udf(empty_table.a) FROM t1 INNER JOIN empty_table ON (udf(t1.a) = udf(udf(empty_table.a)))
-- !query schema
struct<CAST(udf(cast(a as string)) AS INT):int,CAST(udf(cast(a as string)) AS INT):int>
-- !query output



-- !query
SELECT udf(t1.a), udf(udf(empty_table.a)) FROM t1 CROSS JOIN empty_table ON (udf(udf(t1.a)) = udf(empty_table.a))
-- !query schema
struct<CAST(udf(cast(a as string)) AS INT):int,CAST(udf(cast(cast(udf(cast(a as string)) as int) as string)) AS INT):int>
-- !query output



-- !query
SELECT udf(udf(t1.a)), empty_table.a FROM t1 LEFT OUTER JOIN empty_table ON (udf(t1.a) = udf(empty_table.a))
-- !query schema
struct<CAST(udf(cast(cast(udf(cast(a as string)) as int) as string)) AS INT):int,a:int>
-- !query output
1	NULL


-- !query
SELECT udf(t1.a), udf(empty_table.a) FROM t1 RIGHT OUTER JOIN empty_table ON (udf(t1.a) = udf(empty_table.a))
-- !query schema
struct<CAST(udf(cast(a as string)) AS INT):int,CAST(udf(cast(a as string)) AS INT):int>
-- !query output



-- !query
SELECT udf(t1.a), empty_table.a FROM t1 FULL OUTER JOIN empty_table ON (udf(t1.a) = udf(empty_table.a))
-- !query schema
struct<CAST(udf(cast(a as string)) AS INT):int,a:int>
-- !query output
1	NULL


-- !query
SELECT udf(udf(t1.a)) FROM t1 LEFT SEMI JOIN empty_table ON (udf(t1.a) = udf(udf(empty_table.a)))
-- !query schema
struct<CAST(udf(cast(cast(udf(cast(a as string)) as int) as string)) AS INT):int>
-- !query output



-- !query
SELECT udf(t1.a) FROM t1 LEFT ANTI JOIN empty_table ON (udf(t1.a) = udf(empty_table.a))
-- !query schema
struct<CAST(udf(cast(a as string)) AS INT):int>
-- !query output
1


-- !query
SELECT udf(empty_table.a), udf(t1.a) FROM empty_table INNER JOIN t1 ON (udf(udf(empty_table.a)) = udf(t1.a))
-- !query schema
struct<CAST(udf(cast(a as string)) AS INT):int,CAST(udf(cast(a as string)) AS INT):int>
-- !query output



-- !query
SELECT udf(empty_table.a), udf(udf(t1.a)) FROM empty_table CROSS JOIN t1 ON (udf(empty_table.a) = udf(udf(t1.a)))
-- !query schema
struct<CAST(udf(cast(a as string)) AS INT):int,CAST(udf(cast(cast(udf(cast(a as string)) as int) as string)) AS INT):int>
-- !query output



-- !query
SELECT udf(udf(empty_table.a)), udf(t1.a) FROM empty_table LEFT OUTER JOIN t1 ON (udf(empty_table.a) = udf(t1.a))
-- !query schema
struct<CAST(udf(cast(cast(udf(cast(a as string)) as int) as string)) AS INT):int,CAST(udf(cast(a as string)) AS INT):int>
-- !query output



-- !query
SELECT empty_table.a, udf(t1.a) FROM empty_table RIGHT OUTER JOIN t1 ON (udf(empty_table.a) = udf(t1.a))
-- !query schema
struct<a:int,CAST(udf(cast(a as string)) AS INT):int>
-- !query output
NULL	1


-- !query
SELECT empty_table.a, udf(udf(t1.a)) FROM empty_table FULL OUTER JOIN t1 ON (udf(empty_table.a) = udf(t1.a))
-- !query schema
struct<a:int,CAST(udf(cast(cast(udf(cast(a as string)) as int) as string)) AS INT):int>
-- !query output
NULL	1


-- !query
SELECT udf(udf(empty_table.a)) FROM empty_table LEFT SEMI JOIN t1 ON (udf(empty_table.a) = udf(udf(t1.a)))
-- !query schema
struct<CAST(udf(cast(cast(udf(cast(a as string)) as int) as string)) AS INT):int>
-- !query output



-- !query
SELECT empty_table.a FROM empty_table LEFT ANTI JOIN t1 ON (udf(empty_table.a) = udf(t1.a))
-- !query schema
struct<a:int>
-- !query output



-- !query
SELECT udf(empty_table.a) FROM empty_table INNER JOIN empty_table AS empty_table2 ON (udf(empty_table.a) = udf(udf(empty_table2.a)))
-- !query schema
struct<CAST(udf(cast(a as string)) AS INT):int>
-- !query output



-- !query
SELECT udf(udf(empty_table.a)) FROM empty_table CROSS JOIN empty_table AS empty_table2 ON (udf(udf(empty_table.a)) = udf(empty_table2.a))
-- !query schema
struct<CAST(udf(cast(cast(udf(cast(a as string)) as int) as string)) AS INT):int>
-- !query output



-- !query
SELECT udf(empty_table.a) FROM empty_table LEFT OUTER JOIN empty_table AS empty_table2 ON (udf(empty_table.a) = udf(empty_table2.a))
-- !query schema
struct<CAST(udf(cast(a as string)) AS INT):int>
-- !query output



-- !query
SELECT udf(udf(empty_table.a)) FROM empty_table RIGHT OUTER JOIN empty_table AS empty_table2 ON (udf(empty_table.a) = udf(udf(empty_table2.a)))
-- !query schema
struct<CAST(udf(cast(cast(udf(cast(a as string)) as int) as string)) AS INT):int>
-- !query output



-- !query
SELECT udf(empty_table.a) FROM empty_table FULL OUTER JOIN empty_table AS empty_table2 ON (udf(empty_table.a) = udf(empty_table2.a))
-- !query schema
struct<CAST(udf(cast(a as string)) AS INT):int>
-- !query output



-- !query
SELECT udf(udf(empty_table.a)) FROM empty_table LEFT SEMI JOIN empty_table AS empty_table2 ON (udf(empty_table.a) = udf(empty_table2.a))
-- !query schema
struct<CAST(udf(cast(cast(udf(cast(a as string)) as int) as string)) AS INT):int>
-- !query output



-- !query
SELECT udf(empty_table.a) FROM empty_table LEFT ANTI JOIN empty_table AS empty_table2 ON (udf(empty_table.a) = udf(empty_table2.a))
-- !query schema
struct<CAST(udf(cast(a as string)) AS INT):int>
-- !query output

