-- Automatically generated by SQLQueryTestSuite
-- Number of queries: 5


-- !query
select max(min(unique1)) from tenk1
-- !query schema
struct<>
-- !query output
org.apache.spark.sql.AnalysisException
It is not allowed to use an aggregate function in the argument of another aggregate function. Please use the inner aggregate function in a sub-query.


-- !query
select min(unique1) filter (where unique1 > 100) from tenk1
-- !query schema
struct<min(unique1) FILTER (WHERE (unique1 > 100)):int>
-- !query output
101


-- !query
select sum(1/ten) filter (where ten > 0) from tenk1
-- !query schema
struct<sum((CAST(1 AS DOUBLE) / CAST(ten AS DOUBLE))) FILTER (WHERE (ten > 0)):double>
-- !query output
2828.9682539682954


-- !query
select ten, sum(distinct four) filter (where four > 10) from onek a
group by ten
having exists (select 1 from onek b where sum(distinct a.four) = b.four)
-- !query schema
struct<ten:int,sum(DISTINCT four) FILTER (WHERE (four > 10)):bigint>
-- !query output
0	NULL
2	NULL
4	NULL
6	NULL
8	NULL


-- !query
select (select count(*)
        from (values (1)) t0(inner_c))
from (values (2),(3)) t1(outer_c)
-- !query schema
struct<scalarsubquery():bigint>
-- !query output
1
1
