-- Automatically generated by SQLQueryTestSuite
-- Number of queries: 51


-- !query
SELECT CAST('1.23' AS int)
-- !query schema
struct<CAST(1.23 AS INT):int>
-- !query output
1


-- !query
SELECT CAST('1.23' AS long)
-- !query schema
struct<CAST(1.23 AS BIGINT):bigint>
-- !query output
1


-- !query
SELECT CAST('-4.56' AS int)
-- !query schema
struct<CAST(-4.56 AS INT):int>
-- !query output
-4


-- !query
SELECT CAST('-4.56' AS long)
-- !query schema
struct<CAST(-4.56 AS BIGINT):bigint>
-- !query output
-4


-- !query
SELECT CAST('abc' AS int)
-- !query schema
struct<CAST(abc AS INT):int>
-- !query output
NULL


-- !query
SELECT CAST('abc' AS long)
-- !query schema
struct<CAST(abc AS BIGINT):bigint>
-- !query output
NULL


-- !query
SELECT CAST('1234567890123' AS int)
-- !query schema
struct<CAST(1234567890123 AS INT):int>
-- !query output
NULL


-- !query
SELECT CAST('12345678901234567890123' AS long)
-- !query schema
struct<CAST(12345678901234567890123 AS BIGINT):bigint>
-- !query output
NULL


-- !query
SELECT CAST('' AS int)
-- !query schema
struct<CAST( AS INT):int>
-- !query output
NULL


-- !query
SELECT CAST('' AS long)
-- !query schema
struct<CAST( AS BIGINT):bigint>
-- !query output
NULL


-- !query
SELECT CAST(NULL AS int)
-- !query schema
struct<CAST(NULL AS INT):int>
-- !query output
NULL


-- !query
SELECT CAST(NULL AS long)
-- !query schema
struct<CAST(NULL AS BIGINT):bigint>
-- !query output
NULL


-- !query
SELECT CAST('123.a' AS int)
-- !query schema
struct<CAST(123.a AS INT):int>
-- !query output
NULL


-- !query
SELECT CAST('123.a' AS long)
-- !query schema
struct<CAST(123.a AS BIGINT):bigint>
-- !query output
NULL


-- !query
SELECT CAST('-2147483648' AS int)
-- !query schema
struct<CAST(-2147483648 AS INT):int>
-- !query output
-2147483648


-- !query
SELECT CAST('-2147483649' AS int)
-- !query schema
struct<CAST(-2147483649 AS INT):int>
-- !query output
NULL


-- !query
SELECT CAST('2147483647' AS int)
-- !query schema
struct<CAST(2147483647 AS INT):int>
-- !query output
2147483647


-- !query
SELECT CAST('2147483648' AS int)
-- !query schema
struct<CAST(2147483648 AS INT):int>
-- !query output
NULL


-- !query
SELECT CAST('-9223372036854775808' AS long)
-- !query schema
struct<CAST(-9223372036854775808 AS BIGINT):bigint>
-- !query output
-9223372036854775808


-- !query
SELECT CAST('-9223372036854775809' AS long)
-- !query schema
struct<CAST(-9223372036854775809 AS BIGINT):bigint>
-- !query output
NULL


-- !query
SELECT CAST('9223372036854775807' AS long)
-- !query schema
struct<CAST(9223372036854775807 AS BIGINT):bigint>
-- !query output
9223372036854775807


-- !query
SELECT CAST('9223372036854775808' AS long)
-- !query schema
struct<CAST(9223372036854775808 AS BIGINT):bigint>
-- !query output
NULL


-- !query
SELECT HEX(CAST('abc' AS binary))
-- !query schema
struct<hex(CAST(abc AS BINARY)):string>
-- !query output
616263


-- !query
SELECT HEX(CAST(CAST(123 AS byte) AS binary))
-- !query schema
struct<hex(CAST(CAST(123 AS TINYINT) AS BINARY)):string>
-- !query output
7B


-- !query
SELECT HEX(CAST(CAST(-123 AS byte) AS binary))
-- !query schema
struct<hex(CAST(CAST(-123 AS TINYINT) AS BINARY)):string>
-- !query output
85


-- !query
SELECT HEX(CAST(123S AS binary))
-- !query schema
struct<hex(CAST(123 AS BINARY)):string>
-- !query output
007B


-- !query
SELECT HEX(CAST(-123S AS binary))
-- !query schema
struct<hex(CAST(-123 AS BINARY)):string>
-- !query output
FF85


-- !query
SELECT HEX(CAST(123 AS binary))
-- !query schema
struct<hex(CAST(123 AS BINARY)):string>
-- !query output
0000007B


-- !query
SELECT HEX(CAST(-123 AS binary))
-- !query schema
struct<hex(CAST(-123 AS BINARY)):string>
-- !query output
FFFFFF85


-- !query
SELECT HEX(CAST(123L AS binary))
-- !query schema
struct<hex(CAST(123 AS BINARY)):string>
-- !query output
000000000000007B


-- !query
SELECT HEX(CAST(-123L AS binary))
-- !query schema
struct<hex(CAST(-123 AS BINARY)):string>
-- !query output
FFFFFFFFFFFFFF85


-- !query
DESC FUNCTION boolean
-- !query schema
struct<function_desc:string>
-- !query output
Class: org.apache.spark.sql.catalyst.expressions.Cast
Function: boolean
Usage: boolean(expr) - Casts the value `expr` to the target data type `boolean`.


-- !query
DESC FUNCTION EXTENDED boolean
-- !query schema
struct<function_desc:string>
-- !query output
Class: org.apache.spark.sql.catalyst.expressions.Cast
Extended Usage:
    No example/argument for boolean.

    Since: 2.0.1

Function: boolean
Usage: boolean(expr) - Casts the value `expr` to the target data type `boolean`.


-- !query
SELECT CAST('interval 3 month 1 hour' AS interval)
-- !query schema
struct<CAST(interval 3 month 1 hour AS INTERVAL):interval>
-- !query output
3 months 1 hours


-- !query
SELECT CAST(interval 3 month 1 hour AS string)
-- !query schema
struct<CAST(INTERVAL '3 months 1 hours' AS STRING):string>
-- !query output
3 months 1 hours


-- !query
select cast(' 1' as tinyint)
-- !query schema
struct<CAST( 1 AS TINYINT):tinyint>
-- !query output
1


-- !query
select cast(' 1\t' as tinyint)
-- !query schema
struct<CAST( 1	 AS TINYINT):tinyint>
-- !query output
1


-- !query
select cast(' 1' as smallint)
-- !query schema
struct<CAST( 1 AS SMALLINT):smallint>
-- !query output
1


-- !query
select cast(' 1' as INT)
-- !query schema
struct<CAST( 1 AS INT):int>
-- !query output
1


-- !query
select cast(' 1' as bigint)
-- !query schema
struct<CAST( 1 AS BIGINT):bigint>
-- !query output
1


-- !query
select cast(' 1' as float)
-- !query schema
struct<CAST( 1 AS FLOAT):float>
-- !query output
1.0


-- !query
select cast(' 1 ' as DOUBLE)
-- !query schema
struct<CAST( 1  AS DOUBLE):double>
-- !query output
1.0


-- !query
select cast('1.0 ' as DEC)
-- !query schema
struct<CAST(1.0  AS DECIMAL(10,0)):decimal(10,0)>
-- !query output
1


-- !query
select cast('1中文' as tinyint)
-- !query schema
struct<CAST(1中文 AS TINYINT):tinyint>
-- !query output
NULL


-- !query
select cast('1中文' as smallint)
-- !query schema
struct<CAST(1中文 AS SMALLINT):smallint>
-- !query output
NULL


-- !query
select cast('1中文' as INT)
-- !query schema
struct<CAST(1中文 AS INT):int>
-- !query output
NULL


-- !query
select cast('中文1' as bigint)
-- !query schema
struct<CAST(中文1 AS BIGINT):bigint>
-- !query output
NULL


-- !query
select cast('1中文' as bigint)
-- !query schema
struct<CAST(1中文 AS BIGINT):bigint>
-- !query output
NULL


-- !query
select cast('\t\t true \n\r ' as boolean)
-- !query schema
struct<CAST(		 true 
  AS BOOLEAN):boolean>
-- !query output
true


-- !query
select cast('\t\n false \t\r' as boolean)
-- !query schema
struct<CAST(	
 false 	 AS BOOLEAN):boolean>
-- !query output
false


-- !query
select cast('\t\n xyz \t\r' as boolean)
-- !query schema
struct<CAST(	
 xyz 	 AS BOOLEAN):boolean>
-- !query output
NULL
