-- Automatically generated by SQLQueryTestSuite
-- Number of queries: 1


-- !query
select current_database(), current_catalog()
-- !query schema
struct<current_database():string,current_catalog():string>
-- !query output
default	spark_catalog
