-- Automatically generated by SQLQueryTestSuite
-- Number of queries: 2


-- !query
select element_at(map(1, 'a', 2, 'b'), 5)
-- !query schema
struct<element_at(map(1, a, 2, b), 5):string>
-- !query output
NULL


-- !query
select map(1, 'a', 2, 'b')[5]
-- !query schema
struct<map(1, a, 2, b)[5]:string>
-- !query output
NULL
