-- Automatically generated by SQLQueryTestSuite
-- Number of queries: 4


-- !query
SELECT COUNT(NULL) FROM VALUES 1, 2, 3
-- !query schema
struct<count(NULL):bigint>
-- !query output
0


-- !query
SELECT COUNT(1 + NULL) FROM VALUES 1, 2, 3
-- !query schema
struct<count((1 + CAST(NULL AS INT))):bigint>
-- !query output
0


-- !query
SELECT COUNT(NULL) OVER () FROM VALUES 1, 2, 3
-- !query schema
struct<count(NULL) OVER (ROWS BETWEEN UNBOUNDED PRECEDING AND UNBOUNDED FOLLOWING):bigint>
-- !query output
0
0
0


-- !query
SELECT COUNT(1 + NULL) OVER () FROM VALUES 1, 2, 3
-- !query schema
struct<count((1 + CAST(NULL AS INT))) OVER (ROWS BETWEEN UNBOUNDED PRECEDING AND UNBOUNDED FOLLOWING):bigint>
-- !query output
0
0
0
