-- Automatically generated by SQLQueryTestSuite
-- Number of queries: 69


-- !query
select -100
-- !query schema
struct<-100:int>
-- !query output
-100


-- !query
select +230
-- !query schema
struct<(+ 230):int>
-- !query output
230


-- !query
select -5.2
-- !query schema
struct<-5.2:decimal(2,1)>
-- !query output
-5.2


-- !query
select +6.8e0
-- !query schema
struct<(+ 6.8):double>
-- !query output
6.8


-- !query
select -key, +key from testdata where key = 2
-- !query schema
struct<(- key):int,(+ key):int>
-- !query output
-2	2


-- !query
select -(key + 1), - key + 1, +(key + 5) from testdata where key = 1
-- !query schema
struct<(- (key + 1)):int,((- key) + 1):int,(+ (key + 5)):int>
-- !query output
-2	0	6


-- !query
select -max(key), +max(key) from testdata
-- !query schema
struct<(- max(key)):int,(+ max(key)):int>
-- !query output
-100	100


-- !query
select - (-10)
-- !query schema
struct<(- -10):int>
-- !query output
10


-- !query
select + (-key) from testdata where key = 32
-- !query schema
struct<(+ (- key)):int>
-- !query output
-32


-- !query
select - (+max(key)) from testdata
-- !query schema
struct<(- (+ max(key))):int>
-- !query output
-100


-- !query
select - - 3
-- !query schema
struct<(- -3):int>
-- !query output
3


-- !query
select - + 20
-- !query schema
struct<(- (+ 20)):int>
-- !query output
-20


-- !query
select + + 100
-- !query schema
struct<(+ (+ 100)):int>
-- !query output
100


-- !query
select - - max(key) from testdata
-- !query schema
struct<(- (- max(key))):int>
-- !query output
100


-- !query
select + - key from testdata where key = 33
-- !query schema
struct<(+ (- key)):int>
-- !query output
-33


-- !query
select 5 / 2
-- !query schema
struct<(CAST(5 AS DOUBLE) / CAST(2 AS DOUBLE)):double>
-- !query output
2.5


-- !query
select 5 / 0
-- !query schema
struct<(CAST(5 AS DOUBLE) / CAST(0 AS DOUBLE)):double>
-- !query output
NULL


-- !query
select 5 / null
-- !query schema
struct<(CAST(5 AS DOUBLE) / CAST(NULL AS DOUBLE)):double>
-- !query output
NULL


-- !query
select null / 5
-- !query schema
struct<(CAST(NULL AS DOUBLE) / CAST(5 AS DOUBLE)):double>
-- !query output
NULL


-- !query
select 5 div 2
-- !query schema
struct<(CAST(5 AS BIGINT) div CAST(2 AS BIGINT)):bigint>
-- !query output
2


-- !query
select 5 div 0
-- !query schema
struct<(CAST(5 AS BIGINT) div CAST(0 AS BIGINT)):bigint>
-- !query output
NULL


-- !query
select 5 div null
-- !query schema
struct<(CAST(5 AS BIGINT) div CAST(NULL AS BIGINT)):bigint>
-- !query output
NULL


-- !query
select null div 5
-- !query schema
struct<(CAST(NULL AS BIGINT) div CAST(5 AS BIGINT)):bigint>
-- !query output
NULL


-- !query
select cast(51 as decimal(10, 0)) div cast(2 as decimal(2, 0))
-- !query schema
struct<(CAST(CAST(51 AS DECIMAL(10,0)) AS DECIMAL(10,0)) div CAST(CAST(2 AS DECIMAL(2,0)) AS DECIMAL(10,0))):bigint>
-- !query output
25


-- !query
select cast(5 as decimal(1, 0)) div cast(0 as decimal(2, 0))
-- !query schema
struct<(CAST(CAST(5 AS DECIMAL(1,0)) AS DECIMAL(2,0)) div CAST(CAST(0 AS DECIMAL(2,0)) AS DECIMAL(2,0))):bigint>
-- !query output
NULL


-- !query
select cast(5 as decimal(1, 0)) div cast(null as decimal(2, 0))
-- !query schema
struct<(CAST(CAST(5 AS DECIMAL(1,0)) AS DECIMAL(2,0)) div CAST(CAST(NULL AS DECIMAL(2,0)) AS DECIMAL(2,0))):bigint>
-- !query output
NULL


-- !query
select cast(null as decimal(1, 0)) div cast(5 as decimal(2, 0))
-- !query schema
struct<(CAST(CAST(NULL AS DECIMAL(1,0)) AS DECIMAL(2,0)) div CAST(CAST(5 AS DECIMAL(2,0)) AS DECIMAL(2,0))):bigint>
-- !query output
NULL


-- !query
select 1 + 2
-- !query schema
struct<(1 + 2):int>
-- !query output
3


-- !query
select 1 - 2
-- !query schema
struct<(1 - 2):int>
-- !query output
-1


-- !query
select 2 * 5
-- !query schema
struct<(2 * 5):int>
-- !query output
10


-- !query
select 5 % 3
-- !query schema
struct<(5 % 3):int>
-- !query output
2


-- !query
select pmod(-7, 3)
-- !query schema
struct<pmod(-7, 3):int>
-- !query output
2


-- !query
select cot(1)
-- !query schema
struct<COT(CAST(1 AS DOUBLE)):double>
-- !query output
0.6420926159343306


-- !query
select cot(null)
-- !query schema
struct<COT(CAST(NULL AS DOUBLE)):double>
-- !query output
NULL


-- !query
select cot(0)
-- !query schema
struct<COT(CAST(0 AS DOUBLE)):double>
-- !query output
Infinity


-- !query
select cot(-1)
-- !query schema
struct<COT(CAST(-1 AS DOUBLE)):double>
-- !query output
-0.6420926159343306


-- !query
select ceiling(0)
-- !query schema
struct<ceiling(CAST(0 AS DOUBLE)):bigint>
-- !query output
0


-- !query
select ceiling(1)
-- !query schema
struct<ceiling(CAST(1 AS DOUBLE)):bigint>
-- !query output
1


-- !query
select ceil(1234567890123456)
-- !query schema
struct<CEIL(1234567890123456):bigint>
-- !query output
1234567890123456


-- !query
select ceiling(1234567890123456)
-- !query schema
struct<ceiling(1234567890123456):bigint>
-- !query output
1234567890123456


-- !query
select ceil(0.01)
-- !query schema
struct<CEIL(0.01):decimal(1,0)>
-- !query output
1


-- !query
select ceiling(-0.10)
-- !query schema
struct<ceiling(-0.10):decimal(1,0)>
-- !query output
0


-- !query
select floor(0)
-- !query schema
struct<FLOOR(CAST(0 AS DOUBLE)):bigint>
-- !query output
0


-- !query
select floor(1)
-- !query schema
struct<FLOOR(CAST(1 AS DOUBLE)):bigint>
-- !query output
1


-- !query
select floor(1234567890123456)
-- !query schema
struct<FLOOR(1234567890123456):bigint>
-- !query output
1234567890123456


-- !query
select floor(0.01)
-- !query schema
struct<FLOOR(0.01):decimal(1,0)>
-- !query output
0


-- !query
select floor(-0.10)
-- !query schema
struct<FLOOR(-0.10):decimal(1,0)>
-- !query output
-1


-- !query
select 1 > 0.00001
-- !query schema
struct<(CAST(1 AS BIGINT) > 0):boolean>
-- !query output
true


-- !query
select mod(7, 2), mod(7, 0), mod(0, 2), mod(7, null), mod(null, 2), mod(null, null)
-- !query schema
struct<mod(7, 2):int,mod(7, 0):int,mod(0, 2):int,mod(7, CAST(NULL AS INT)):int,mod(CAST(NULL AS INT), 2):int,mod(CAST(NULL AS DOUBLE), CAST(NULL AS DOUBLE)):double>
-- !query output
1	NULL	0	NULL	NULL	NULL


-- !query
select BIT_LENGTH('abc')
-- !query schema
struct<bit_length(abc):int>
-- !query output
24


-- !query
select CHAR_LENGTH('abc')
-- !query schema
struct<char_length(abc):int>
-- !query output
3


-- !query
select CHARACTER_LENGTH('abc')
-- !query schema
struct<character_length(abc):int>
-- !query output
3


-- !query
select OCTET_LENGTH('abc')
-- !query schema
struct<octet_length(abc):int>
-- !query output
3


-- !query
select abs(-3.13), abs('-2.19')
-- !query schema
struct<abs(-3.13):decimal(3,2),abs(CAST(-2.19 AS DOUBLE)):double>
-- !query output
3.13	2.19


-- !query
select positive('-1.11'), positive(-1.11), negative('-1.11'), negative(-1.11)
-- !query schema
struct<(+ CAST(-1.11 AS DOUBLE)):double,(+ -1.11):decimal(3,2),negative(CAST(-1.11 AS DOUBLE)):double,negative(-1.11):decimal(3,2)>
-- !query output
-1.11	-1.11	1.11	1.11


-- !query
select pmod(-7, 2), pmod(0, 2), pmod(7, 0), pmod(7, null), pmod(null, 2), pmod(null, null)
-- !query schema
struct<pmod(-7, 2):int,pmod(0, 2):int,pmod(7, 0):int,pmod(7, CAST(NULL AS INT)):int,pmod(CAST(NULL AS INT), 2):int,pmod(CAST(NULL AS DOUBLE), CAST(NULL AS DOUBLE)):double>
-- !query output
1	0	NULL	NULL	NULL	NULL


-- !query
select pmod(cast(3.13 as decimal), cast(0 as decimal)), pmod(cast(2 as smallint), cast(0 as smallint))
-- !query schema
struct<pmod(CAST(3.13 AS DECIMAL(10,0)), CAST(0 AS DECIMAL(10,0))):decimal(10,0),pmod(CAST(2 AS SMALLINT), CAST(0 AS SMALLINT)):smallint>
-- !query output
NULL	NULL


-- !query
select width_bucket(5.35, 0.024, 10.06, 5)
-- !query schema
struct<width_bucket(CAST(5.35 AS DOUBLE), CAST(0.024 AS DOUBLE), CAST(10.06 AS DOUBLE), CAST(5 AS BIGINT)):bigint>
-- !query output
3


-- !query
select width_bucket(5.35, 0.024, 10.06, 3 + 2)
-- !query schema
struct<width_bucket(CAST(5.35 AS DOUBLE), CAST(0.024 AS DOUBLE), CAST(10.06 AS DOUBLE), CAST((3 + 2) AS BIGINT)):bigint>
-- !query output
3


-- !query
select width_bucket('5.35', '0.024', '10.06', '5')
-- !query schema
struct<width_bucket(CAST(5.35 AS DOUBLE), CAST(0.024 AS DOUBLE), CAST(10.06 AS DOUBLE), CAST(5 AS BIGINT)):bigint>
-- !query output
3


-- !query
select width_bucket(5.35, 0.024, 10.06, 2.5)
-- !query schema
struct<width_bucket(CAST(5.35 AS DOUBLE), CAST(0.024 AS DOUBLE), CAST(10.06 AS DOUBLE), CAST(2.5 AS BIGINT)):bigint>
-- !query output
2


-- !query
select width_bucket(5.35, 0.024, 10.06, 0.5)
-- !query schema
struct<width_bucket(CAST(5.35 AS DOUBLE), CAST(0.024 AS DOUBLE), CAST(10.06 AS DOUBLE), CAST(0.5 AS BIGINT)):bigint>
-- !query output
NULL


-- !query
select width_bucket(null, 0.024, 10.06, 5)
-- !query schema
struct<width_bucket(CAST(NULL AS DOUBLE), CAST(0.024 AS DOUBLE), CAST(10.06 AS DOUBLE), CAST(5 AS BIGINT)):bigint>
-- !query output
NULL


-- !query
select width_bucket(5.35, null, 10.06, 5)
-- !query schema
struct<width_bucket(CAST(5.35 AS DOUBLE), CAST(NULL AS DOUBLE), CAST(10.06 AS DOUBLE), CAST(5 AS BIGINT)):bigint>
-- !query output
NULL


-- !query
select width_bucket(5.35, 0.024, null, -5)
-- !query schema
struct<width_bucket(CAST(5.35 AS DOUBLE), CAST(0.024 AS DOUBLE), CAST(NULL AS DOUBLE), CAST(-5 AS BIGINT)):bigint>
-- !query output
NULL


-- !query
select width_bucket(5.35, 0.024, 10.06, null)
-- !query schema
struct<width_bucket(CAST(5.35 AS DOUBLE), CAST(0.024 AS DOUBLE), CAST(10.06 AS DOUBLE), CAST(NULL AS BIGINT)):bigint>
-- !query output
NULL


-- !query
select width_bucket(5.35, 0.024, 10.06, -5)
-- !query schema
struct<width_bucket(CAST(5.35 AS DOUBLE), CAST(0.024 AS DOUBLE), CAST(10.06 AS DOUBLE), CAST(-5 AS BIGINT)):bigint>
-- !query output
NULL


-- !query
select width_bucket(5.35, 0.024, 10.06, 9223372036854775807L)
-- !query schema
struct<width_bucket(CAST(5.35 AS DOUBLE), CAST(0.024 AS DOUBLE), CAST(10.06 AS DOUBLE), 9223372036854775807):bigint>
-- !query output
NULL


-- !query
select width_bucket(5.35, 0.024, 10.06, 9223372036854775807L - 1)
-- !query schema
struct<width_bucket(CAST(5.35 AS DOUBLE), CAST(0.024 AS DOUBLE), CAST(10.06 AS DOUBLE), (9223372036854775807 - CAST(1 AS BIGINT))):bigint>
-- !query output
4894746858139549697
