-- Automatically generated by SQLQueryTestSuite
-- Number of queries: 37


-- !query
select 1 = 1
-- !query schema
struct<(1 = 1):boolean>
-- !query output
true


-- !query
select 1 = '1'
-- !query schema
struct<(1 = CAST(1 AS INT)):boolean>
-- !query output
true


-- !query
select 1.0 = '1'
-- !query schema
struct<(CAST(1.0 AS DOUBLE) = CAST(1 AS DOUBLE)):boolean>
-- !query output
true


-- !query
select 1.5 = '1.51'
-- !query schema
struct<(CAST(1.5 AS DOUBLE) = CAST(1.51 AS DOUBLE)):boolean>
-- !query output
false


-- !query
select 1 > '1'
-- !query schema
struct<(1 > CAST(1 AS INT)):boolean>
-- !query output
false


-- !query
select 2 > '1.0'
-- !query schema
struct<(2 > CAST(1.0 AS INT)):boolean>
-- !query output
true


-- !query
select 2 > '2.0'
-- !query schema
struct<(2 > CAST(2.0 AS INT)):boolean>
-- !query output
false


-- !query
select 2 > '2.2'
-- !query schema
struct<(2 > CAST(2.2 AS INT)):boolean>
-- !query output
false


-- !query
select '1.5' > 0.5
-- !query schema
struct<(CAST(1.5 AS DOUBLE) > CAST(0.5 AS DOUBLE)):boolean>
-- !query output
true


-- !query
select to_date('2009-07-30 04:17:52') > to_date('2009-07-30 04:17:52')
-- !query schema
struct<(to_date(2009-07-30 04:17:52) > to_date(2009-07-30 04:17:52)):boolean>
-- !query output
false


-- !query
select to_date('2009-07-30 04:17:52') > '2009-07-30 04:17:52'
-- !query schema
struct<(to_date(2009-07-30 04:17:52) > CAST(2009-07-30 04:17:52 AS DATE)):boolean>
-- !query output
false


-- !query
select 1 >= '1'
-- !query schema
struct<(1 >= CAST(1 AS INT)):boolean>
-- !query output
true


-- !query
select 2 >= '1.0'
-- !query schema
struct<(2 >= CAST(1.0 AS INT)):boolean>
-- !query output
true


-- !query
select 2 >= '2.0'
-- !query schema
struct<(2 >= CAST(2.0 AS INT)):boolean>
-- !query output
true


-- !query
select 2.0 >= '2.2'
-- !query schema
struct<(CAST(2.0 AS DOUBLE) >= CAST(2.2 AS DOUBLE)):boolean>
-- !query output
false


-- !query
select '1.5' >= 0.5
-- !query schema
struct<(CAST(1.5 AS DOUBLE) >= CAST(0.5 AS DOUBLE)):boolean>
-- !query output
true


-- !query
select to_date('2009-07-30 04:17:52') >= to_date('2009-07-30 04:17:52')
-- !query schema
struct<(to_date(2009-07-30 04:17:52) >= to_date(2009-07-30 04:17:52)):boolean>
-- !query output
true


-- !query
select to_date('2009-07-30 04:17:52') >= '2009-07-30 04:17:52'
-- !query schema
struct<(to_date(2009-07-30 04:17:52) >= CAST(2009-07-30 04:17:52 AS DATE)):boolean>
-- !query output
true


-- !query
select 1 < '1'
-- !query schema
struct<(1 < CAST(1 AS INT)):boolean>
-- !query output
false


-- !query
select 2 < '1.0'
-- !query schema
struct<(2 < CAST(1.0 AS INT)):boolean>
-- !query output
false


-- !query
select 2 < '2.0'
-- !query schema
struct<(2 < CAST(2.0 AS INT)):boolean>
-- !query output
false


-- !query
select 2.0 < '2.2'
-- !query schema
struct<(CAST(2.0 AS DOUBLE) < CAST(2.2 AS DOUBLE)):boolean>
-- !query output
true


-- !query
select 0.5 < '1.5'
-- !query schema
struct<(CAST(0.5 AS DOUBLE) < CAST(1.5 AS DOUBLE)):boolean>
-- !query output
true


-- !query
select to_date('2009-07-30 04:17:52') < to_date('2009-07-30 04:17:52')
-- !query schema
struct<(to_date(2009-07-30 04:17:52) < to_date(2009-07-30 04:17:52)):boolean>
-- !query output
false


-- !query
select to_date('2009-07-30 04:17:52') < '2009-07-30 04:17:52'
-- !query schema
struct<(to_date(2009-07-30 04:17:52) < CAST(2009-07-30 04:17:52 AS DATE)):boolean>
-- !query output
false


-- !query
select 1 <= '1'
-- !query schema
struct<(1 <= CAST(1 AS INT)):boolean>
-- !query output
true


-- !query
select 2 <= '1.0'
-- !query schema
struct<(2 <= CAST(1.0 AS INT)):boolean>
-- !query output
false


-- !query
select 2 <= '2.0'
-- !query schema
struct<(2 <= CAST(2.0 AS INT)):boolean>
-- !query output
true


-- !query
select 2.0 <= '2.2'
-- !query schema
struct<(CAST(2.0 AS DOUBLE) <= CAST(2.2 AS DOUBLE)):boolean>
-- !query output
true


-- !query
select 0.5 <= '1.5'
-- !query schema
struct<(CAST(0.5 AS DOUBLE) <= CAST(1.5 AS DOUBLE)):boolean>
-- !query output
true


-- !query
select to_date('2009-07-30 04:17:52') <= to_date('2009-07-30 04:17:52')
-- !query schema
struct<(to_date(2009-07-30 04:17:52) <= to_date(2009-07-30 04:17:52)):boolean>
-- !query output
true


-- !query
select to_date('2009-07-30 04:17:52') <= '2009-07-30 04:17:52'
-- !query schema
struct<(to_date(2009-07-30 04:17:52) <= CAST(2009-07-30 04:17:52 AS DATE)):boolean>
-- !query output
true


-- !query
select to_date('2017-03-01') = to_timestamp('2017-03-01 00:00:00')
-- !query schema
struct<(CAST(to_date(2017-03-01) AS TIMESTAMP) = to_timestamp(2017-03-01 00:00:00)):boolean>
-- !query output
true


-- !query
select to_timestamp('2017-03-01 00:00:01') > to_date('2017-03-01')
-- !query schema
struct<(to_timestamp(2017-03-01 00:00:01) > CAST(to_date(2017-03-01) AS TIMESTAMP)):boolean>
-- !query output
true


-- !query
select to_timestamp('2017-03-01 00:00:01') >= to_date('2017-03-01')
-- !query schema
struct<(to_timestamp(2017-03-01 00:00:01) >= CAST(to_date(2017-03-01) AS TIMESTAMP)):boolean>
-- !query output
true


-- !query
select to_date('2017-03-01') < to_timestamp('2017-03-01 00:00:01')
-- !query schema
struct<(CAST(to_date(2017-03-01) AS TIMESTAMP) < to_timestamp(2017-03-01 00:00:01)):boolean>
-- !query output
true


-- !query
select to_date('2017-03-01') <= to_timestamp('2017-03-01 00:00:01')
-- !query schema
struct<(CAST(to_date(2017-03-01) AS TIMESTAMP) <= to_timestamp(2017-03-01 00:00:01)):boolean>
-- !query output
true
