-- Automatically generated by SQLQueryTestSuite
-- Number of queries: 40


-- !query
SELECT regexp_extract('1a 2b 14m', '\\d+')
-- !query schema
struct<>
-- !query output
java.lang.IllegalArgumentException
Regex group count is 0, but the specified group index is 1


-- !query
SELECT regexp_extract('1a 2b 14m', '\\d+', 0)
-- !query schema
struct<regexp_extract(1a 2b 14m, \d+, 0):string>
-- !query output
1


-- !query
SELECT regexp_extract('1a 2b 14m', '\\d+', 1)
-- !query schema
struct<>
-- !query output
java.lang.IllegalArgumentException
Regex group count is 0, but the specified group index is 1


-- !query
SELECT regexp_extract('1a 2b 14m', '\\d+', 2)
-- !query schema
struct<>
-- !query output
java.lang.IllegalArgumentException
Regex group count is 0, but the specified group index is 2


-- !query
SELECT regexp_extract('1a 2b 14m', '\\d+', -1)
-- !query schema
struct<>
-- !query output
java.lang.IllegalArgumentException
The specified group index cannot be less than zero


-- !query
SELECT regexp_extract('1a 2b 14m', '(\\d+)?', 1)
-- !query schema
struct<regexp_extract(1a 2b 14m, (\d+)?, 1):string>
-- !query output
1


-- !query
SELECT regexp_extract('a b m', '(\\d+)?', 1)
-- !query schema
struct<regexp_extract(a b m, (\d+)?, 1):string>
-- !query output



-- !query
SELECT regexp_extract('1a 2b 14m', '(\\d+)([a-z]+)')
-- !query schema
struct<regexp_extract(1a 2b 14m, (\d+)([a-z]+), 1):string>
-- !query output
1


-- !query
SELECT regexp_extract('1a 2b 14m', '(\\d+)([a-z]+)', 0)
-- !query schema
struct<regexp_extract(1a 2b 14m, (\d+)([a-z]+), 0):string>
-- !query output
1a


-- !query
SELECT regexp_extract('1a 2b 14m', '(\\d+)([a-z]+)', 1)
-- !query schema
struct<regexp_extract(1a 2b 14m, (\d+)([a-z]+), 1):string>
-- !query output
1


-- !query
SELECT regexp_extract('1a 2b 14m', '(\\d+)([a-z]+)', 2)
-- !query schema
struct<regexp_extract(1a 2b 14m, (\d+)([a-z]+), 2):string>
-- !query output
a


-- !query
SELECT regexp_extract('1a 2b 14m', '(\\d+)([a-z]+)', 3)
-- !query schema
struct<>
-- !query output
java.lang.IllegalArgumentException
Regex group count is 2, but the specified group index is 3


-- !query
SELECT regexp_extract('1a 2b 14m', '(\\d+)([a-z]+)', -1)
-- !query schema
struct<>
-- !query output
java.lang.IllegalArgumentException
The specified group index cannot be less than zero


-- !query
SELECT regexp_extract('1a 2b 14m', '(\\d+)?([a-z]+)', 1)
-- !query schema
struct<regexp_extract(1a 2b 14m, (\d+)?([a-z]+), 1):string>
-- !query output
1


-- !query
SELECT regexp_extract('a b m', '(\\d+)?([a-z]+)', 1)
-- !query schema
struct<regexp_extract(a b m, (\d+)?([a-z]+), 1):string>
-- !query output



-- !query
SELECT regexp_extract_all('1a 2b 14m', '\\d+')
-- !query schema
struct<>
-- !query output
java.lang.IllegalArgumentException
Regex group count is 0, but the specified group index is 1


-- !query
SELECT regexp_extract_all('1a 2b 14m', '\\d+', 0)
-- !query schema
struct<regexp_extract_all(1a 2b 14m, \d+, 0):array<string>>
-- !query output
["1","2","14"]


-- !query
SELECT regexp_extract_all('1a 2b 14m', '\\d+', 1)
-- !query schema
struct<>
-- !query output
java.lang.IllegalArgumentException
Regex group count is 0, but the specified group index is 1


-- !query
SELECT regexp_extract_all('1a 2b 14m', '\\d+', 2)
-- !query schema
struct<>
-- !query output
java.lang.IllegalArgumentException
Regex group count is 0, but the specified group index is 2


-- !query
SELECT regexp_extract_all('1a 2b 14m', '\\d+', -1)
-- !query schema
struct<>
-- !query output
java.lang.IllegalArgumentException
The specified group index cannot be less than zero


-- !query
SELECT regexp_extract_all('1a 2b 14m', '(\\d+)?', 1)
-- !query schema
struct<regexp_extract_all(1a 2b 14m, (\d+)?, 1):array<string>>
-- !query output
["1","","","2","","","14","",""]


-- !query
SELECT regexp_extract_all('a 2b 14m', '(\\d+)?', 1)
-- !query schema
struct<regexp_extract_all(a 2b 14m, (\d+)?, 1):array<string>>
-- !query output
["","","2","","","14","",""]


-- !query
SELECT regexp_extract_all('1a 2b 14m', '(\\d+)([a-z]+)')
-- !query schema
struct<regexp_extract_all(1a 2b 14m, (\d+)([a-z]+), 1):array<string>>
-- !query output
["1","2","14"]


-- !query
SELECT regexp_extract_all('1a 2b 14m', '(\\d+)([a-z]+)', 0)
-- !query schema
struct<regexp_extract_all(1a 2b 14m, (\d+)([a-z]+), 0):array<string>>
-- !query output
["1a","2b","14m"]


-- !query
SELECT regexp_extract_all('1a 2b 14m', '(\\d+)([a-z]+)', 1)
-- !query schema
struct<regexp_extract_all(1a 2b 14m, (\d+)([a-z]+), 1):array<string>>
-- !query output
["1","2","14"]


-- !query
SELECT regexp_extract_all('1a 2b 14m', '(\\d+)([a-z]+)', 2)
-- !query schema
struct<regexp_extract_all(1a 2b 14m, (\d+)([a-z]+), 2):array<string>>
-- !query output
["a","b","m"]


-- !query
SELECT regexp_extract_all('1a 2b 14m', '(\\d+)([a-z]+)', 3)
-- !query schema
struct<>
-- !query output
java.lang.IllegalArgumentException
Regex group count is 2, but the specified group index is 3


-- !query
SELECT regexp_extract_all('1a 2b 14m', '(\\d+)([a-z]+)', -1)
-- !query schema
struct<>
-- !query output
java.lang.IllegalArgumentException
The specified group index cannot be less than zero


-- !query
SELECT regexp_extract_all('1a 2b 14m', '(\\d+)?([a-z]+)', 1)
-- !query schema
struct<regexp_extract_all(1a 2b 14m, (\d+)?([a-z]+), 1):array<string>>
-- !query output
["1","2","14"]


-- !query
SELECT regexp_extract_all('a 2b 14m', '(\\d+)?([a-z]+)', 1)
-- !query schema
struct<regexp_extract_all(a 2b 14m, (\d+)?([a-z]+), 1):array<string>>
-- !query output
["","2","14"]


-- !query
SELECT regexp_replace('healthy, wealthy, and wise', '\\w+thy', 'something')
-- !query schema
struct<regexp_replace(healthy, wealthy, and wise, \w+thy, something, 1):string>
-- !query output
something, something, and wise


-- !query
SELECT regexp_replace('healthy, wealthy, and wise', '\\w+thy', 'something', -2)
-- !query schema
struct<>
-- !query output
org.apache.spark.sql.AnalysisException
cannot resolve 'regexp_replace('healthy, wealthy, and wise', '\\w+thy', 'something', -2)' due to data type mismatch: Position expression must be positive, but got: -2; line 1 pos 7


-- !query
SELECT regexp_replace('healthy, wealthy, and wise', '\\w+thy', 'something', 0)
-- !query schema
struct<>
-- !query output
org.apache.spark.sql.AnalysisException
cannot resolve 'regexp_replace('healthy, wealthy, and wise', '\\w+thy', 'something', 0)' due to data type mismatch: Position expression must be positive, but got: 0; line 1 pos 7


-- !query
SELECT regexp_replace('healthy, wealthy, and wise', '\\w+thy', 'something', 1)
-- !query schema
struct<regexp_replace(healthy, wealthy, and wise, \w+thy, something, 1):string>
-- !query output
something, something, and wise


-- !query
SELECT regexp_replace('healthy, wealthy, and wise', '\\w+thy', 'something', 2)
-- !query schema
struct<regexp_replace(healthy, wealthy, and wise, \w+thy, something, 2):string>
-- !query output
hsomething, something, and wise


-- !query
SELECT regexp_replace('healthy, wealthy, and wise', '\\w+thy', 'something', 8)
-- !query schema
struct<regexp_replace(healthy, wealthy, and wise, \w+thy, something, 8):string>
-- !query output
healthy, something, and wise


-- !query
SELECT regexp_replace('healthy, wealthy, and wise', '\\w', 'something', 26)
-- !query schema
struct<regexp_replace(healthy, wealthy, and wise, \w, something, 26):string>
-- !query output
healthy, wealthy, and wissomething


-- !query
SELECT regexp_replace('healthy, wealthy, and wise', '\\w', 'something', 27)
-- !query schema
struct<regexp_replace(healthy, wealthy, and wise, \w, something, 27):string>
-- !query output
healthy, wealthy, and wise


-- !query
SELECT regexp_replace('healthy, wealthy, and wise', '\\w', 'something', 30)
-- !query schema
struct<regexp_replace(healthy, wealthy, and wise, \w, something, 30):string>
-- !query output
healthy, wealthy, and wise


-- !query
SELECT regexp_replace('healthy, wealthy, and wise', '\\w', 'something', null)
-- !query schema
struct<regexp_replace(healthy, wealthy, and wise, \w, something, NULL):string>
-- !query output
NULL
