-- Automatically generated by SQLQueryTestSuite
-- Number of queries: 25


-- !query
CREATE DATABASE showdb
-- !query schema
struct<>
-- !query output



-- !query
USE showdb
-- !query schema
struct<>
-- !query output



-- !query
CREATE TABLE showcolumn1 (col1 int, `col 2` int) USING json
-- !query schema
struct<>
-- !query output



-- !query
CREATE TABLE showcolumn2 (price int, qty int, year int, month int) USING parquet partitioned by (year, month)
-- !query schema
struct<>
-- !query output



-- !query
CREATE TEMPORARY VIEW showColumn3 (col3 int, `col 4` int) USING json
-- !query schema
struct<>
-- !query output



-- !query
CREATE GLOBAL TEMP VIEW showColumn4 AS SELECT 1 as col1, 'abc' as `col 5`
-- !query schema
struct<>
-- !query output



-- !query
SHOW COLUMNS IN showcolumn1
-- !query schema
struct<col_name:string>
-- !query output
col 2
col1


-- !query
SHOW COLUMNS IN showdb.showcolumn1
-- !query schema
struct<col_name:string>
-- !query output
col 2
col1


-- !query
SHOW COLUMNS IN showcolumn1 FROM showdb
-- !query schema
struct<col_name:string>
-- !query output
col 2
col1


-- !query
SHOW COLUMNS IN showcolumn2 IN showdb
-- !query schema
struct<col_name:string>
-- !query output
month
price
qty
year


-- !query
SHOW COLUMNS IN badtable FROM showdb
-- !query schema
struct<>
-- !query output
org.apache.spark.sql.AnalysisException
Table or view not found for 'SHOW COLUMNS': showdb.badtable; line 1 pos 0


-- !query
SHOW COLUMNS IN showdb.showcolumn1 from SHOWDB
-- !query schema
struct<col_name:string>
-- !query output
col 2
col1


-- !query
SHOW COLUMNS IN showdb.showcolumn1 FROM baddb
-- !query schema
struct<>
-- !query output
org.apache.spark.sql.AnalysisException
SHOW COLUMNS with conflicting databases: 'baddb' != 'showdb'


-- !query
SHOW COLUMNS IN showcolumn3
-- !query schema
struct<col_name:string>
-- !query output
col 4
col3


-- !query
SHOW COLUMNS IN showdb.showcolumn3
-- !query schema
struct<>
-- !query output
org.apache.spark.sql.AnalysisException
Table or view not found for 'SHOW COLUMNS': showdb.showcolumn3; line 1 pos 0


-- !query
SHOW COLUMNS IN showcolumn3 FROM showdb
-- !query schema
struct<>
-- !query output
org.apache.spark.sql.AnalysisException
Table or view not found for 'SHOW COLUMNS': showdb.showcolumn3; line 1 pos 0


-- !query
SHOW COLUMNS IN showcolumn4
-- !query schema
struct<>
-- !query output
org.apache.spark.sql.AnalysisException
Table or view not found for 'SHOW COLUMNS': showcolumn4; line 1 pos 0


-- !query
SHOW COLUMNS IN global_temp.showcolumn4
-- !query schema
struct<col_name:string>
-- !query output
col 5
col1


-- !query
SHOW COLUMNS IN showcolumn4 FROM global_temp
-- !query schema
struct<col_name:string>
-- !query output
col 5
col1


-- !query
DROP TABLE showcolumn1
-- !query schema
struct<>
-- !query output



-- !query
DROP TABLE showColumn2
-- !query schema
struct<>
-- !query output



-- !query
DROP VIEW  showcolumn3
-- !query schema
struct<>
-- !query output



-- !query
DROP VIEW  global_temp.showcolumn4
-- !query schema
struct<>
-- !query output



-- !query
use default
-- !query schema
struct<>
-- !query output



-- !query
DROP DATABASE showdb
-- !query schema
struct<>
-- !query output

