-- Automatically generated by SQLQueryTestSuite
-- Number of queries: 6


-- !query
CREATE DATABASE mydb1
-- !query schema
struct<>
-- !query output



-- !query
USE mydb1
-- !query schema
struct<>
-- !query output



-- !query
CREATE TABLE t1 USING parquet AS SELECT 1 AS i1
-- !query schema
struct<>
-- !query output



-- !query
SELECT mydb1.t1 FROM t1 TABLESAMPLE (-1 PERCENT)
-- !query schema
struct<>
-- !query output
org.apache.spark.sql.catalyst.parser.ParseException

Sampling fraction (-0.01) must be on interval [0, 1](line 1, pos 24)

== SQL ==
SELECT mydb1.t1 FROM t1 TABLESAMPLE (-1 PERCENT)
------------------------^^^


-- !query
SELECT mydb1.t1 FROM t1 TABLESAMPLE (101 PERCENT)
-- !query schema
struct<>
-- !query output
org.apache.spark.sql.catalyst.parser.ParseException

Sampling fraction (1.01) must be on interval [0, 1](line 1, pos 24)

== SQL ==
SELECT mydb1.t1 FROM t1 TABLESAMPLE (101 PERCENT)
------------------------^^^


-- !query
DROP DATABASE mydb1 CASCADE
-- !query schema
struct<>
-- !query output

