-- Automatically generated by SQLQueryTestSuite
-- Number of queries: 12


-- !query
SET TIME ZONE 'Asia/Hong_Kong'
-- !query schema
struct<key:string,value:string>
-- !query output
spark.sql.session.timeZone	Asia/Hong_Kong


-- !query
SET TIME ZONE 'GMT+1'
-- !query schema
struct<key:string,value:string>
-- !query output
spark.sql.session.timeZone	GMT+1


-- !query
SET TIME ZONE INTERVAL 10 HOURS
-- !query schema
struct<key:string,value:string>
-- !query output
spark.sql.session.timeZone	+10:00


-- !query
SET TIME ZONE INTERVAL '15:40:32' HOUR TO SECOND
-- !query schema
struct<key:string,value:string>
-- !query output
spark.sql.session.timeZone	+15:40:32


-- !query
SET TIME ZONE LOCAL
-- !query schema
struct<key:string,value:string>
-- !query output
spark.sql.session.timeZone	America/Los_Angeles


-- !query
SET TIME ZONE
-- !query schema
struct<>
-- !query output
org.apache.spark.sql.catalyst.parser.ParseException

Invalid time zone displacement value(line 1, pos 0)

== SQL ==
SET TIME ZONE
^^^


-- !query
SET TIME ZONE 'invalid/zone'
-- !query schema
struct<>
-- !query output
java.lang.IllegalArgumentException
Cannot resolve the given timezone with ZoneId.of(_, ZoneId.SHORT_IDS)


-- !query
SET TIME ZONE INTERVAL 3 DAYS
-- !query schema
struct<>
-- !query output
org.apache.spark.sql.catalyst.parser.ParseException

The interval value must be in the range of [-18, +18] hours with second precision(line 1, pos 14)

== SQL ==
SET TIME ZONE INTERVAL 3 DAYS
--------------^^^


-- !query
SET TIME ZONE INTERVAL 24 HOURS
-- !query schema
struct<>
-- !query output
org.apache.spark.sql.catalyst.parser.ParseException

The interval value must be in the range of [-18, +18] hours with second precision(line 1, pos 14)

== SQL ==
SET TIME ZONE INTERVAL 24 HOURS
--------------^^^


-- !query
SET TIME ZONE INTERVAL '19:40:32' HOUR TO SECOND
-- !query schema
struct<>
-- !query output
org.apache.spark.sql.catalyst.parser.ParseException

The interval value must be in the range of [-18, +18] hours with second precision(line 1, pos 14)

== SQL ==
SET TIME ZONE INTERVAL '19:40:32' HOUR TO SECOND
--------------^^^


-- !query
SET TIME ZONE INTERVAL 10 HOURS 'GMT+1'
-- !query schema
struct<>
-- !query output
org.apache.spark.sql.catalyst.parser.ParseException

Invalid time zone displacement value(line 1, pos 0)

== SQL ==
SET TIME ZONE INTERVAL 10 HOURS 'GMT+1'
^^^


-- !query
SET TIME ZONE INTERVAL 10 HOURS 1 MILLISECOND
-- !query schema
struct<>
-- !query output
org.apache.spark.sql.catalyst.parser.ParseException

The interval value must be in the range of [-18, +18] hours with second precision(line 1, pos 14)

== SQL ==
SET TIME ZONE INTERVAL 10 HOURS 1 MILLISECOND
--------------^^^
